Running all IntegerTable tests.
Test 1
start of XuWordArray test 1.
first wordArray is ("This is a test")
asString: This is a test
w1->fetch(1) == h
step through all elements 
> T, h, i, s,  , i, s,  , a,  , t, e, s, t, 
Test 2
start of XuWordArray test 1.
first wordArray is ("This is a test")
w1->fetch(1) == h
change all elements  to h
> the wordArray is now: ("hhhhhhhhhhhhhh")


