sizeof(ABufHead) == 16
foo is 8 bytes @ 0x1a0c58 
three:3
Foo(????)
Category(????)
foo is 8 bytes @ 0x1a0c64 
three:3
Foo(????)
Category(????)
allocating
 size = 5  18c438
 size = 10  18c3e8
 size = 15  18c388
 size = 20  18c308
 size = 5  18c2c8
 size = 10  18c278
 size = 15  18c218
 size = 20  18c198
 size = 5  18c158
 size = 10  18c108
deleting
allocating again
 size = 5  18c438
 size = 10  18c3e8
 size = 15  18c388
 size = 20  18c308
 size = 5  18c2c8
 size = 10  18c278
 size = 15  18c218
 size = 20  18c198
 size = 5  18c158
 size = 10  18c108
