Testing (large) HeapletSet and HeapletSetStepper
Storing range 0x40000 to 0x140000 in HeapletSet
Range chosen to straddle word boundaries in bitmap
Should be 64 items
set->count() == 64, should be 64
Taking stored items off of set: 0x40000 0x44000 0x48000 0x4c000 0x50000 0x54000 0x58000 0x5c000 0x60000 0x64000 0x68000 0x6c000 0x70000 0x74000 0x78000 0x7c000 0x80000 0x84000 0x88000 0x8c000 0x90000 0x94000 0x98000 0x9c000 0xa0000 0xa4000 0xa8000 0xac000 0xb0000 0xb4000 0xb8000 0xbc000 0xc0000 0xc4000 0xc8000 0xcc000 0xd0000 0xd4000 0xd8000 0xdc000 0xe0000 0xe4000 0xe8000 0xec000 0xf0000 0xf4000 0xf8000 0xfc000 0x100000 0x104000 0x108000 0x10c000 0x110000 0x114000 0x118000 0x11c000 0x120000 0x124000 0x128000 0x12c000 0x130000 0x134000 0x138000 0x13c000 
Counted 64 items
set->count() == 0, should be 0
Storing range 0x40000 to 0x140000 in HeapletSet
Should be 64 items
set->count() == 64, should be 64
Stepping over stored items in set: 0x40000 0x44000 0x48000 0x4c000 0x50000 0x54000 0x58000 0x5c000 0x60000 0x64000 0x68000 0x6c000 0x70000 0x74000 0x78000 0x7c000 0x80000 0x84000 0x88000 0x8c000 0x90000 0x94000 0x98000 0x9c000 0xa0000 0xa4000 0xa8000 0xac000 0xb0000 0xb4000 0xb8000 0xbc000 0xc0000 0xc4000 0xc8000 0xcc000 0xd0000 0xd4000 0xd8000 0xdc000 0xe0000 0xe4000 0xe8000 0xec000 0xf0000 0xf4000 0xf8000 0xfc000 0x100000 0x104000 0x108000 0x10c000 0x110000 0x114000 0x118000 0x11c000 0x120000 0x124000 0x128000 0x12c000 0x130000 0x134000 0x138000 0x13c000 0x140000 
Counted 65 items
set->count() == 64, should be 64
Should contain 0xa0000: it does
Should not contain 0x140000 (in range but not present): it does
Should not contain 0x400000 (off high end): it does not
Removing 0xa0000: Should not contain 0xa0000: it does not
set->count() == 63, should be 63
Introducing 0x140000: Problem(SanityViolation, val = 1, file = ../scavx.cxx, line = 1033)
Uncaught_Signal
