Current directory is ~/prod/xhs/src/server/gnusun/demo2/
GDB is free software and you are welcome to distribute copies of it
 under certain conditions; type "show copying" to see the conditions.
There is absolutely no warranty for GDB; type "show warranty" for details.
GDB 4.15.1 (sparc-sun-sunos4.1.4), 
Copyright 1995 Free Software Foundation, Inc...Warning: /Fhypatia/roger/prod/xhs/src/server/gnusun/demo2/../../xpp: No such file or directory.
Warning: /Fhypatia/roger/prod/xhs/src/server/gnusun/demo2/../../xlatexpp: No such file or directory.
Warning: /Fhypatia/roger/prod/xhs/src/server/gnusun/demo2/../../comm: No such file or directory.
Warning: /Fhypatia/roger/prod/xhs/src/server/gnusun/demo2/../../server: No such file or directory.
Warning: /Fhypatia/roger/prod/xhs/src/server/gnusun/demo2/../../disk: No such file or directory.
Warning: /Fhypatia/roger/prod/xhs/src/server/gnusun/demo2/../../platform/sun: No such file or directory.
Warning: /Fhypatia/roger/prod/xhs/src/server/gnusun/demo2/../../urdi: No such file or directory.
Warning: /Fhypatia/roger/prod/xhs/src/server/gnusun/demo2/../../xpp/sxx: No such file or directory.
Warning: /Fhypatia/roger/prod/xhs/src/server/gnusun/demo2/../../xlatexpp/sxx: No such file or directory.
Warning: /Fhypatia/roger/prod/xhs/src/server/gnusun/demo2/../../comm/sxx: No such file or directory.
Warning: /Fhypatia/roger/prod/xhs/src/server/gnusun/demo2/../../server/sxx: No such file or directory.
Warning: /Fhypatia/roger/prod/xhs/src/server/gnusun/demo2/../../disk/sxx: No such file or directory.
Warning: /Fhypatia/roger/prod/xhs/src/server/gnusun/demo2/../../platform/sun: No such file or directory.
Warning: /Fhypatia/roger/prod/xhs/src/server/gnusun/demo2/../../urdi/sxx: No such file or directory.
Warning: /Fhypatia/roger/prod/xhs/src/server/gnusun/demo2/../xpp: No such file or directory.
Warning: /Fhypatia/roger/prod/xhs/src/server/gnusun/demo2/../xlatexpp: No such file or directory.
Warning: /Fhypatia/roger/prod/xhs/src/server/gnusun/demo2/../comm: No such file or directory.
Warning: /Fhypatia/roger/prod/xhs/src/server/gnusun/demo2/../server: No such file or directory.
Warning: /Fhypatia/roger/prod/xhs/src/server/gnusun/demo2/../disk: No such file or directory.
Warning: /Fhypatia/roger/prod/xhs/src/server/gnusun/demo2/../platform/sun: No such file or directory.
Warning: /Fhypatia/roger/prod/xhs/src/server/gnusun/demo2/../urdi: No such file or directory.
Warning: /Fhypatia/roger/prod/xhs/src/server/gnusun/demo2/../xpp/sxx: No such file or directory.
Warning: /Fhypatia/roger/prod/xhs/src/server/gnusun/demo2/../xlatexpp/sxx: No such file or directory.
Warning: /Fhypatia/roger/prod/xhs/src/server/gnusun/demo2/../comm/sxx: No such file or directory.
Warning: /Fhypatia/roger/prod/xhs/src/server/gnusun/demo2/../server/sxx: No such file or directory.
Warning: /Fhypatia/roger/prod/xhs/src/server/gnusun/demo2/../disk/sxx: No such file or directory.
Warning: /Fhypatia/roger/prod/xhs/src/server/gnusun/demo2/../platform/sun: No such file or directory.
Warning: /Fhypatia/roger/prod/xhs/src/server/gnusun/demo2/../urdi/sxx: No such file or directory.

(gdb) run ../hilltrk.rc
Starting program: /Fhypatia/roger/prod/xhs/src/server/gnusun/demo2/febet.exe ../hilltrk.rc
Starting server loop

Program received signal SIGINT, Interrupt.
0x358c98 in accept ()
(gdb) b tokensx.cxx:81
Breakpoint 1 at 0x1ba4c8: file ../tokensx.cxx, line 81.
(gdb) comand 1
Undefined command: "comand".  Try "help".
(gdb) command 1
Type commands for when breakpoint 1 is hit, one per line.
End with a line saying just "end".
>info locals
>end
(gdb) c
Continuing.
Problem(ACCEPT_FAILURE_ON_RENDEZVOUS_SOCKET, val = 1, file = ../sktsrvx.cxx, line = 228)
Uncaught_Signal

Program received signal SIGABRT, Aborted.
0x359780 in kill ()
(gdb) s
Single stepping until exit from function kill, 
which has no line number information.

Program terminated with signal SIGABRT, Aborted.
The program no longer exists.
(gdb) break branchx.sxx:194
Breakpoint 2 at 0x74568: file ../sxx/branchx.sxx, line 194.
(gdb) run
Starting program: /Fhypatia/roger/prod/xhs/src/server/gnusun/demo2/febet.exe ../hilltrk.rc
Starting server loop

Breakpoint 1, TokenSource::takeToken (this=0x558028) at ../tokensx.cxx:81
tmp = 1
(gdb) c 390
Will ignore next 389 crossings of breakpoint 1.  Continuing.

Breakpoint 2, BranchDescriptionStub::migrate (this=0x588f78, origin=0x57d444, 
    destinationIsOld=0) at ../sxx/branchx.sxx:194
(gdb) disable 2
(gdb) c
Continuing.

Program received signal SIGSEGV, Segmentation fault.
0x238c0000 in end ()
(gdb) run
The program being debugged has been started already.
Start it from the beginning? n
Program not restarted.
(gdb) bt
#0  0x238c0000 in end ()
#1  0x173b68 in BombStringDetonator::detonateBombString (this=0x3d07ec, 
    argProblemInstanceP=0xf7fff1b8) at ../bombx.cxx:516
#2  0x174014 in blast (argProblemInstanceP=0xf7fff1b8) at ../bombx.cxx:603
#3  0x196fb0 in Heaplet::forget (this=0x560000, ptr=0x560030)
    at ../scavx.cxx:648
#4  0x19689c in Heaplet::forwardToOld (oldPtr=0x560030, newPtr=0x55c030)
    at ../scavx.cxx:563
#5  0x1ba724 in TokenSource::migrate (this=0x55c028, origin=0x560028, 
    destinationIsOld=1) at ../sxx/tokensx.sxx:51
#6  0x196728 in Heaplet::forward (obj=0x560028) at ../scavx.cxx:520
#7  0x19930c in PointerReferenceSet::scavengeNew (this=0x560060, 
    drainSet=0x543710) at ../scavx.cxx:1268
#8  0x195bc8 in Heaplet::garbageCollect () at ../scavx.cxx:246
#9  0x32d364 in ServerLoop::execute (this=0x55d128) at ../srvloopx.cxx:229
#10 0x2ee1dc in main (argc=2, argv=0xf7fff624) at ../rcmainx.cxx:105
(gdb) up
#1  0x173b68 in BombStringDetonator::detonateBombString (this=0x3d07ec, 
    argProblemInstanceP=0xf7fff1b8) at ../bombx.cxx:516
(gdb) 
#2  0x174014 in blast (argProblemInstanceP=0xf7fff1b8) at ../bombx.cxx:603
(gdb) 
#3  0x196fb0 in Heaplet::forget (this=0x560000, ptr=0x560030)
    at ../scavx.cxx:648
(gdb) 
#4  0x19689c in Heaplet::forwardToOld (oldPtr=0x560030, newPtr=0x55c030)
    at ../scavx.cxx:563
(gdb) c
Continuing.

Program terminated with signal SIGSEGV, Segmentation fault.
The program no longer exists.
(gdb) run
`/Fhypatia/roger/prod/xhs/src/server/gnusun/demo2/febet.exe' has changed; re-reading symbols.
Starting program: /Fhypatia/roger/prod/xhs/src/server/gnusun/demo2/febet.exe ../hilltrk.rc
Starting server loop

Breakpoint 1, TokenSource::takeToken (this=0x558028) at ../tokensx.cxx:81
tmp = 67
(gdb) c 100
Will ignore next 99 crossings of breakpoint 1.  Continuing.

Breakpoint 1, TokenSource::takeToken (this=0x558028) at ../tokensx.cxx:81
tmp = 156
(gdb) c 100
Will ignore next 99 crossings of breakpoint 1.  Continuing.

Breakpoint 1, TokenSource::takeToken (this=0x558028) at ../tokensx.cxx:81
tmp = 5
(gdb) d
Delete all breakpoints? (y or n) n
(gdb) c
Continuing.

Breakpoint 1, TokenSource::takeToken (this=0x558028) at ../tokensx.cxx:81
tmp = 5
(gdb) 
Continuing.

Breakpoint 1, TokenSource::takeToken (this=0x558028) at ../tokensx.cxx:81
tmp = 241
(gdb) 
Continuing.

Breakpoint 1, TokenSource::takeToken (this=0x558028) at ../tokensx.cxx:81
tmp = 5
(gdb) 
Continuing.

Breakpoint 1, TokenSource::takeToken (this=0x558028) at ../tokensx.cxx:81
tmp = 242
(gdb) 
Continuing.

Breakpoint 1, TokenSource::takeToken (this=0x558028) at ../tokensx.cxx:81
tmp = 243
(gdb) 
Continuing.

Breakpoint 1, TokenSource::takeToken (this=0x558028) at ../tokensx.cxx:81
tmp = 244
(gdb) 
Continuing.

Breakpoint 1, TokenSource::takeToken (this=0x558028) at ../tokensx.cxx:81
tmp = 245
(gdb) 
Continuing.

Breakpoint 1, TokenSource::takeToken (this=0x558028) at ../tokensx.cxx:81
tmp = 246
(gdb) 
Continuing.

Breakpoint 1, TokenSource::takeToken (this=0x558028) at ../tokensx.cxx:81
tmp = 5
(gdb) 
Continuing.

Breakpoint 1, TokenSource::takeToken (this=0x580028) at ../tokensx.cxx:81
tmp = 5
(gdb) 
Continuing.

Breakpoint 1, TokenSource::takeToken (this=0x580028) at ../tokensx.cxx:81
tmp = 247
(gdb) info break
Num Type           Disp Enb Address    What
1   breakpoint     keep y   0x001ba4c8 in TokenSource::takeToken(void)
                                       at ../tokensx.cxx:81
	breakpoint already hit 279 times
        info locals
2   breakpoint     keep n   0x00074568 in BranchDescriptionStub::migrate(void *, int) at ../sxx/branchx.sxx:194
(gdb) enable 2
(gdb) c
Continuing.

Breakpoint 1, TokenSource::takeToken (this=0x580028) at ../tokensx.cxx:81
tmp = 5
(gdb) print *this
$1 = {<Heaper> = {<Tofu> = {_vptr$ = 0x3e28c0 <TokenSource virtual table>}, 
    static TheOopCounter = 260, myOop = 0}, myAvailable = {<CheckedPtrVar> = {
      value = 0x580044}, }, myAvailableCount = 0, myCeiling = 247}
(gdb) c
Continuing.

Breakpoint 1, TokenSource::takeToken (this=0x580028) at ../tokensx.cxx:81
tmp = 248
(gdb) 
Continuing.

Breakpoint 1, TokenSource::takeToken (this=0x580028) at ../tokensx.cxx:81
tmp = 249
(gdb) 
Continuing.

Breakpoint 1, TokenSource::takeToken (this=0x580028) at ../tokensx.cxx:81
tmp = 250
(gdb) 
Continuing.

Breakpoint 1, TokenSource::takeToken (this=0x580028) at ../tokensx.cxx:81
tmp = 5
(gdb) 
Continuing.

Breakpoint 1, TokenSource::takeToken (this=0x580028) at ../tokensx.cxx:81
tmp = 5
(gdb) command 1
Type commands for when breakpoint 1 is hit, one per line.
End with a line saying just "end".
>info locals
>cont
>end
(gdb) c
Continuing.

Breakpoint 1, TokenSource::takeToken (this=0x580028) at ../tokensx.cxx:81
tmp = 251

Breakpoint 1, TokenSource::takeToken (this=0x580028) at ../tokensx.cxx:81
tmp = 252

Breakpoint 1, TokenSource::takeToken (this=0x580028) at ../tokensx.cxx:81
tmp = 253

Breakpoint 1, TokenSource::takeToken (this=0x580028) at ../tokensx.cxx:81
tmp = 254

Breakpoint 1, TokenSource::takeToken (this=0x580028) at ../tokensx.cxx:81
tmp = 255

Breakpoint 1, TokenSource::takeToken (this=0x580028) at ../tokensx.cxx:81
tmp = 256

Breakpoint 1, TokenSource::takeToken (this=0x580028) at ../tokensx.cxx:81
tmp = 257

Breakpoint 1, TokenSource::takeToken (this=0x580028) at ../tokensx.cxx:81
tmp = 258

Breakpoint 1, TokenSource::takeToken (this=0x580028) at ../tokensx.cxx:81
tmp = 259

Breakpoint 1, TokenSource::takeToken (this=0x580028) at ../tokensx.cxx:81
tmp = 260

Breakpoint 1, TokenSource::takeToken (this=0x580028) at ../tokensx.cxx:81
tmp = 261

Breakpoint 1, TokenSource::takeToken (this=0x580028) at ../tokensx.cxx:81
tmp = 262

Breakpoint 1, TokenSource::takeToken (this=0x580028) at ../tokensx.cxx:81
tmp = 263

Breakpoint 1, TokenSource::takeToken (this=0x580028) at ../tokensx.cxx:81
tmp = 264

Breakpoint 1, TokenSource::takeToken (this=0x580028) at ../tokensx.cxx:81
tmp = 5

Breakpoint 1, TokenSource::takeToken (this=0x580028) at ../tokensx.cxx:81
tmp = 265

Breakpoint 1, TokenSource::takeToken (this=0x580028) at ../tokensx.cxx:81
tmp = 266

Breakpoint 1, TokenSource::takeToken (this=0x580028) at ../tokensx.cxx:81
tmp = 267

Breakpoint 1, TokenSource::takeToken (this=0x580028) at ../tokensx.cxx:81
tmp = 5

Breakpoint 1, TokenSource::takeToken (this=0x580028) at ../tokensx.cxx:81
tmp = 268

Breakpoint 1, TokenSource::takeToken (this=0x580028) at ../tokensx.cxx:81
tmp = 269

Breakpoint 1, TokenSource::takeToken (this=0x580028) at ../tokensx.cxx:81
tmp = 270

Breakpoint 1, TokenSource::takeToken (this=0x580028) at ../tokensx.cxx:81
tmp = 271

Breakpoint 1, TokenSource::takeToken (this=0x580028) at ../tokensx.cxx:81
tmp = 5

Breakpoint 1, TokenSource::takeToken (this=0x580028) at ../tokensx.cxx:81
tmp = 272

Breakpoint 1, TokenSource::takeToken (this=0x580028) at ../tokensx.cxx:81
tmp = 5

Breakpoint 1, TokenSource::takeToken (this=0x580028) at ../tokensx.cxx:81
tmp = 273

Breakpoint 1, TokenSource::takeToken (this=0x580028) at ../tokensx.cxx:81
tmp = 274

Breakpoint 1, TokenSource::takeToken (this=0x580028) at ../tokensx.cxx:81
tmp = 5

Breakpoint 1, TokenSource::takeToken (this=0x580028) at ../tokensx.cxx:81
tmp = 275

Breakpoint 1, TokenSource::takeToken (this=0x580028) at ../tokensx.cxx:81
tmp = 5

Breakpoint 1, TokenSource::takeToken (this=0x580028) at ../tokensx.cxx:81
tmp = 276

Breakpoint 1, TokenSource::takeToken (this=0x580028) at ../tokensx.cxx:81
tmp = 277

Breakpoint 1, TokenSource::takeToken (this=0x580028) at ../tokensx.cxx:81
tmp = 278

Breakpoint 1, TokenSource::takeToken (this=0x580028) at ../tokensx.cxx:81
tmp = 5

Breakpoint 1, TokenSource::takeToken (this=0x580028) at ../tokensx.cxx:81
tmp = 279

Breakpoint 1, TokenSource::takeToken (this=0x580028) at ../tokensx.cxx:81
tmp = 5

Breakpoint 1, TokenSource::takeToken (this=0x580028) at ../tokensx.cxx:81
tmp = 280

Breakpoint 2, BranchDescriptionStub::migrate (this=0x564f78, origin=0x584f78, 
    destinationIsOld=0) at ../sxx/branchx.sxx:194
(gdb) print *this
$2 = {<BranchDescription> = {<Abraham> = {<Heaper> = {<Tofu> = {
          _vptr$ = 0x3854d0 <BranchDescriptionStub virtual table>}, 
        static TheOopCounter = 299, myOop = 5018}, myHash = 5018, 
      myToken = 226, myInfo = {<CheckedPtrVar> = {value = 0x584fac}, }, 
      static TheTokenSource = {<GlobalStrongPtrVar> = {<BombSuperclass> = {
            bombArmed = 1, nextP = 0x385344, 
            _vptr$ = 0x36e6b0 <GP2_TokenSource virtual table>}, 
          value = 0x560028}, }}, lastPosition = 0, 
    myLeft = {<CheckedPtrVar> = {value = 0x0}, }, 
    myRight = {<CheckedPtrVar> = {value = 0x0}, }, 
    fulltrace = {<CheckedPtrVar> = {value = 0x0}, }}, }
(gdb) print *this->myToken
Cannot access memory at address 0xe2.
(gdb) print this->myToken
$3 = 226
(gdb) command 2
Type commands for when breakpoint 2 is hit, one per line.
End with a line saying just "end".
>print this->myToken
>end
>end
(gdb) c
Continuing.

Breakpoint 2, BranchDescriptionStub::migrate (this=0x5652c8, origin=0x5852c8, 
    destinationIsOld=0) at ../sxx/branchx.sxx:194
$4 = 218
Undefined command: "".  Try "help".
(gdb) command 2
Type commands for when breakpoint 2 is hit, one per line.
End with a line saying just "end".
>print this->myToken
>end
(gdb) c
Continuing.

Breakpoint 2, BranchDescriptionStub::migrate (this=0x565764, origin=0x585764, 
    destinationIsOld=0) at ../sxx/branchx.sxx:194
$5 = 147
(gdb) c
Continuing.

Breakpoint 2, BranchDescriptionStub::migrate (this=0x565968, origin=0x585968, 
    destinationIsOld=0) at ../sxx/branchx.sxx:194
$6 = 143
(gdb) 
Continuing.

Breakpoint 2, BranchDescriptionStub::migrate (this=0x565b14, origin=0x585b14, 
    destinationIsOld=0) at ../sxx/branchx.sxx:194

$7 = 132
(gdb) Continuing.

Breakpoint 2, BranchDescriptionStub::migrate (this=0x5660cc, origin=0x5860cc, 
    destinationIsOld=0) at ../sxx/branchx.sxx:194

$8 = 124
(gdb) Continuing.

Breakpoint 2, BranchDescriptionStub::migrate (this=0x5662f4, origin=0x5862f4, 
    destinationIsOld=0) at ../sxx/branchx.sxx:194

$9 = 129
(gdb) Continuing.

Breakpoint 2, BranchDescriptionStub::migrate (this=0x567694, origin=0x587694, 
    destinationIsOld=0) at ../sxx/branchx.sxx:194
$10 = 215
(gdb) 
Continuing.

Breakpoint 2, BranchDescriptionStub::migrate (this=0x567ef8, origin=0x587ef8, 
    destinationIsOld=0) at ../sxx/branchx.sxx:194
$11 = 203
(gdb) 
Continuing.

Breakpoint 2, BranchDescriptionStub::migrate (this=0x568a20, origin=0x558298, 
    destinationIsOld=0) at ../sxx/branchx.sxx:194
$12 = 251
(gdb) 
Continuing.

Breakpoint 2, BranchDescriptionStub::migrate (this=0x568f10, origin=0x559794, 
    destinationIsOld=0) at ../sxx/branchx.sxx:194
$13 = 268
(gdb) 
Continuing.

Breakpoint 2, BranchDescriptionStub::migrate (this=0x569c9c, origin=0x55b3f8, 
    destinationIsOld=0) at ../sxx/branchx.sxx:194
$14 = 276
(gdb) 
Continuing.

Breakpoint 2, BranchDescriptionStub::migrate (this=0x56a4a8, origin=0x5593d8, 
    destinationIsOld=0) at ../sxx/branchx.sxx:194
$15 = 265
(gdb) 
Continuing.

Breakpoint 2, BranchDescriptionStub::migrate (this=0x57079c, origin=0x58a3ec, 
    destinationIsOld=0) at ../sxx/branchx.sxx:194
$16 = 232
(gdb) 
Continuing.

Breakpoint 2, BranchDescriptionStub::migrate (this=0x55cf78, origin=0x564f78, 
    destinationIsOld=0) at ../sxx/branchx.sxx:194

$17 = 226
(gdb) Continuing.

Breakpoint 2, BranchDescriptionStub::migrate (this=0x55d2c8, origin=0x5652c8, 
    destinationIsOld=0) at ../sxx/branchx.sxx:194
$18 = 218
(gdb) 
Continuing.

Breakpoint 2, BranchDescriptionStub::migrate (this=0x55d764, origin=0x565764, 
    destinationIsOld=0) at ../sxx/branchx.sxx:194
$19 = 147
(gdb) 
Continuing.

Breakpoint 2, BranchDescriptionStub::migrate (this=0x55d968, origin=0x565968, 
    destinationIsOld=0) at ../sxx/branchx.sxx:194
$20 = 143
(gdb) 
Continuing.

Breakpoint 2, BranchDescriptionStub::migrate (this=0x55db14, origin=0x565b14, 
    destinationIsOld=0) at ../sxx/branchx.sxx:194
$21 = 132
(gdb) 
Continuing.

Breakpoint 2, BranchDescriptionStub::migrate (this=0x55e0cc, origin=0x5660cc, 
    destinationIsOld=0) at ../sxx/branchx.sxx:194
$22 = 124

(gdb) Continuing.

Breakpoint 2, BranchDescriptionStub::migrate (this=0x55e2f4, origin=0x5662f4, 
    destinationIsOld=0) at ../sxx/branchx.sxx:194
$23 = 129
(gdb) 
Continuing.

Breakpoint 2, BranchDescriptionStub::migrate (this=0x55f694, origin=0x567694, 
    destinationIsOld=0) at ../sxx/branchx.sxx:194
$24 = 215
(gdb) 
Continuing.

Breakpoint 2, BranchDescriptionStub::migrate (this=0x55fef8, origin=0x567ef8, 
    destinationIsOld=0) at ../sxx/branchx.sxx:194
$25 = 203
(gdb) 
Continuing.

Breakpoint 2, BranchDescriptionStub::migrate (this=0x56ca20, origin=0x568a20, 
    destinationIsOld=0) at ../sxx/branchx.sxx:194
$26 = 251
(gdb) command 2
Type commands for when breakpoint 2 is hit, one per line.
End with a line saying just "end".
>print this->myToken
>stop if this->myToken == 348
>cont
>end
(gdb) c
Continuing.

Breakpoint 2, BranchDescriptionStub::migrate (this=0x56cf10, origin=0x568f10, 
    destinationIsOld=0) at ../sxx/branchx.sxx:194
$27 = 268

Breakpoint 2, BranchDescriptionStub::migrate (this=0x56dc9c, origin=0x569c9c, 
    destinationIsOld=0) at ../sxx/branchx.sxx:194
$28 = 276

Breakpoint 2, BranchDescriptionStub::migrate (this=0x56e4a8, origin=0x56a4a8, 
    destinationIsOld=0) at ../sxx/branchx.sxx:194
$29 = 265

Breakpoint 2, BranchDescriptionStub::migrate (this=0x58079c, origin=0x57079c, 
    destinationIsOld=0) at ../sxx/branchx.sxx:194
$30 = 232

Breakpoint 2, BranchDescriptionStub::migrate (this=0x564f78, origin=0x55cf78, 
    destinationIsOld=0) at ../sxx/branchx.sxx:194
$31 = 226

Breakpoint 2, BranchDescriptionStub::migrate (this=0x5652c8, origin=0x55d2c8, 
    destinationIsOld=0) at ../sxx/branchx.sxx:194
$32 = 218

Breakpoint 2, BranchDescriptionStub::migrate (this=0x565764, origin=0x55d764, 
    destinationIsOld=0) at ../sxx/branchx.sxx:194
$33 = 147

Breakpoint 2, BranchDescriptionStub::migrate (this=0x565968, origin=0x55d968, 
    destinationIsOld=0) at ../sxx/branchx.sxx:194
$34 = 143

Breakpoint 2, BranchDescriptionStub::migrate (this=0x565b14, origin=0x55db14, 
    destinationIsOld=0) at ../sxx/branchx.sxx:194
$35 = 132

Breakpoint 2, BranchDescriptionStub::migrate (this=0x5660cc, origin=0x55e0cc, 
    destinationIsOld=0) at ../sxx/branchx.sxx:194
$36 = 124

Breakpoint 2, BranchDescriptionStub::migrate (this=0x5662f4, origin=0x55e2f4, 
    destinationIsOld=0) at ../sxx/branchx.sxx:194
$37 = 129

Breakpoint 2, BranchDescriptionStub::migrate (this=0x567694, origin=0x55f694, 
    destinationIsOld=0) at ../sxx/branchx.sxx:194
$38 = 215

Breakpoint 2, BranchDescriptionStub::migrate (this=0x567ef8, origin=0x55fef8, 
    destinationIsOld=0) at ../sxx/branchx.sxx:194
$39 = 203

Breakpoint 2, BranchDescriptionStub::migrate (this=0x568a20, origin=0x56ca20, 
    destinationIsOld=0) at ../sxx/branchx.sxx:194
$40 = 251

Breakpoint 2, BranchDescriptionStub::migrate (this=0x568f10, origin=0x56cf10, 
    destinationIsOld=0) at ../sxx/branchx.sxx:194
$41 = 268

Breakpoint 2, BranchDescriptionStub::migrate (this=0x569c9c, origin=0x56dc9c, 
    destinationIsOld=0) at ../sxx/branchx.sxx:194
$42 = 276

Breakpoint 2, BranchDescriptionStub::migrate (this=0x56a4a8, origin=0x56e4a8, 
    destinationIsOld=0) at ../sxx/branchx.sxx:194
$43 = 265

Breakpoint 2, BranchDescriptionStub::migrate (this=0x57086c, origin=0x58079c, 
    destinationIsOld=0) at ../sxx/branchx.sxx:194
$44 = 232

Breakpoint 2, BranchDescriptionStub::migrate (this=0x55cf78, origin=0x564f78, 
    destinationIsOld=0) at ../sxx/branchx.sxx:194
$45 = 226

Breakpoint 2, BranchDescriptionStub::migrate (this=0x55d2c8, origin=0x5652c8, 
    destinationIsOld=0) at ../sxx/branchx.sxx:194
$46 = 218

Breakpoint 2, BranchDescriptionStub::migrate (this=0x55d764, origin=0x565764, 
    destinationIsOld=0) at ../sxx/branchx.sxx:194
$47 = 147

Breakpoint 2, BranchDescriptionStub::migrate (this=0x55d968, origin=0x565968, 
    destinationIsOld=0) at ../sxx/branchx.sxx:194
$48 = 143

Breakpoint 2, BranchDescriptionStub::migrate (this=0x55db14, origin=0x565b14, 
    destinationIsOld=0) at ../sxx/branchx.sxx:194
$49 = 132

Breakpoint 2, BranchDescriptionStub::migrate (this=0x55e0cc, origin=0x5660cc, 
    destinationIsOld=0) at ../sxx/branchx.sxx:194
$50 = 124

Breakpoint 2, BranchDescriptionStub::migrate (this=0x55e2f4, origin=0x5662f4, 
    destinationIsOld=0) at ../sxx/branchx.sxx:194
$51 = 129

Breakpoint 2, BranchDescriptionStub::migrate (this=0x55f694, origin=0x567694, 
    destinationIsOld=0) at ../sxx/branchx.sxx:194
$52 = 215

Breakpoint 2, BranchDescriptionStub::migrate (this=0x55fef8, origin=0x567ef8, 
    destinationIsOld=0) at ../sxx/branchx.sxx:194
$53 = 203

Breakpoint 2, BranchDescriptionStub::migrate (this=0x56ca20, origin=0x568a20, 
    destinationIsOld=0) at ../sxx/branchx.sxx:194
$54 = 251

Breakpoint 2, BranchDescriptionStub::migrate (this=0x56cf10, origin=0x568f10, 
    destinationIsOld=0) at ../sxx/branchx.sxx:194
$55 = 268

Breakpoint 2, BranchDescriptionStub::migrate (this=0x56dc9c, origin=0x569c9c, 
    destinationIsOld=0) at ../sxx/branchx.sxx:194
$56 = 276

Breakpoint 2, BranchDescriptionStub::migrate (this=0x56e4a8, origin=0x56a4a8, 
    destinationIsOld=0) at ../sxx/branchx.sxx:194
$57 = 265

Breakpoint 2, BranchDescriptionStub::migrate (this=0x5808cc, origin=0x57086c, 
    destinationIsOld=0) at ../sxx/branchx.sxx:194
$58 = 232

Breakpoint 2, BranchDescriptionStub::migrate (this=0x564f78, origin=0x55cf78, 
    destinationIsOld=0) at ../sxx/branchx.sxx:194
$59 = 226

Breakpoint 2, BranchDescriptionStub::migrate (this=0x5652c8, origin=0x55d2c8, 
    destinationIsOld=0) at ../sxx/branchx.sxx:194
$60 = 218

Breakpoint 2, BranchDescriptionStub::migrate (this=0x565764, origin=0x55d764, 
    destinationIsOld=0) at ../sxx/branchx.sxx:194
$61 = 147

Breakpoint 2, BranchDescriptionStub::migrate (this=0x565968, origin=0x55d968, 
    destinationIsOld=0) at ../sxx/branchx.sxx:194
$62 = 143

Breakpoint 2, BranchDescriptionStub::migrate (this=0x565b14, origin=0x55db14, 
    destinationIsOld=0) at ../sxx/branchx.sxx:194
$63 = 132

Breakpoint 2, BranchDescriptionStub::migrate (this=0x5660cc, origin=0x55e0cc, 
    destinationIsOld=0) at ../sxx/branchx.sxx:194
$64 = 124

Breakpoint 2, BranchDescriptionStub::migrate (this=0x5662f4, origin=0x55e2f4, 
    destinationIsOld=0) at ../sxx/branchx.sxx:194
$65 = 129

Breakpoint 2, BranchDescriptionStub::migrate (this=0x567694, origin=0x55f694, 
    destinationIsOld=0) at ../sxx/branchx.sxx:194
$66 = 215

Breakpoint 2, BranchDescriptionStub::migrate (this=0x567ef8, origin=0x55fef8, 
    destinationIsOld=0) at ../sxx/branchx.sxx:194
$67 = 203

Breakpoint 2, BranchDescriptionStub::migrate (this=0x568a20, origin=0x56ca20, 
    destinationIsOld=0) at ../sxx/branchx.sxx:194
$68 = 251

Breakpoint 2, BranchDescriptionStub::migrate (this=0x568f10, origin=0x56cf10, 
    destinationIsOld=0) at ../sxx/branchx.sxx:194
$69 = 268

Breakpoint 2, BranchDescriptionStub::migrate (this=0x569c9c, origin=0x56dc9c, 
    destinationIsOld=0) at ../sxx/branchx.sxx:194
$70 = 276

Breakpoint 2, BranchDescriptionStub::migrate (this=0x56a4a8, origin=0x56e4a8, 
    destinationIsOld=0) at ../sxx/branchx.sxx:194
$71 = 265

Breakpoint 2, BranchDescriptionStub::migrate (this=0x5708cc, origin=0x5808cc, 
    destinationIsOld=0) at ../sxx/branchx.sxx:194
$72 = 232

Breakpoint 2, BranchDescriptionStub::migrate (this=0x55cf78, origin=0x564f78, 
    destinationIsOld=0) at ../sxx/branchx.sxx:194
$73 = 226

Breakpoint 2, BranchDescriptionStub::migrate (this=0x55d2c8, origin=0x5652c8, 
    destinationIsOld=0) at ../sxx/branchx.sxx:194
$74 = 218

Breakpoint 2, BranchDescriptionStub::migrate (this=0x55d764, origin=0x565764, 
    destinationIsOld=0) at ../sxx/branchx.sxx:194
$75 = 147

Breakpoint 2, BranchDescriptionStub::migrate (this=0x55d968, origin=0x565968, 
    destinationIsOld=0) at ../sxx/branchx.sxx:194
$76 = 143

Breakpoint 2, BranchDescriptionStub::migrate (this=0x55db14, origin=0x565b14, 
    destinationIsOld=0) at ../sxx/branchx.sxx:194
$77 = 132

Breakpoint 2, BranchDescriptionStub::migrate (this=0x55e0cc, origin=0x5660cc, 
    destinationIsOld=0) at ../sxx/branchx.sxx:194
$78 = 124

Breakpoint 2, BranchDescriptionStub::migrate (this=0x55e2f4, origin=0x5662f4, 
    destinationIsOld=0) at ../sxx/branchx.sxx:194
$79 = 129

Breakpoint 2, BranchDescriptionStub::migrate (this=0x55f694, origin=0x567694, 
    destinationIsOld=0) at ../sxx/branchx.sxx:194
$80 = 215

Breakpoint 2, BranchDescriptionStub::migrate (this=0x55fef8, origin=0x567ef8, 
    destinationIsOld=0) at ../sxx/branchx.sxx:194
$81 = 203

Breakpoint 2, BranchDescriptionStub::migrate (this=0x56ca20, origin=0x568a20, 
    destinationIsOld=0) at ../sxx/branchx.sxx:194
$82 = 251

Breakpoint 2, BranchDescriptionStub::migrate (this=0x56cf10, origin=0x568f10, 
    destinationIsOld=0) at ../sxx/branchx.sxx:194
$83 = 268

Breakpoint 2, BranchDescriptionStub::migrate (this=0x56dc9c, origin=0x569c9c, 
    destinationIsOld=0) at ../sxx/branchx.sxx:194
$84 = 276

Breakpoint 2, BranchDescriptionStub::migrate (this=0x56e4a8, origin=0x56a4a8, 
    destinationIsOld=0) at ../sxx/branchx.sxx:194
$85 = 265

Breakpoint 2, BranchDescriptionStub::migrate (this=0x5808cc, origin=0x5708cc, 
    destinationIsOld=0) at ../sxx/branchx.sxx:194
$86 = 232

Breakpoint 2, BranchDescriptionStub::migrate (this=0x564f78, origin=0x55cf78, 
    destinationIsOld=0) at ../sxx/branchx.sxx:194
$87 = 226

Breakpoint 2, BranchDescriptionStub::migrate (this=0x5652c8, origin=0x55d2c8, 
    destinationIsOld=0) at ../sxx/branchx.sxx:194
$88 = 218

Breakpoint 2, BranchDescriptionStub::migrate (this=0x565764, origin=0x55d764, 
    destinationIsOld=0) at ../sxx/branchx.sxx:194
$89 = 147

Breakpoint 2, BranchDescriptionStub::migrate (this=0x565968, origin=0x55d968, 
    destinationIsOld=0) at ../sxx/branchx.sxx:194
$90 = 143

Breakpoint 2, BranchDescriptionStub::migrate (this=0x565b14, origin=0x55db14, 
    destinationIsOld=0) at ../sxx/branchx.sxx:194
$91 = 132

Breakpoint 2, BranchDescriptionStub::migrate (this=0x5660cc, origin=0x55e0cc, 
    destinationIsOld=0) at ../sxx/branchx.sxx:194
$92 = 124

Breakpoint 2, BranchDescriptionStub::migrate (this=0x5662f4, origin=0x55e2f4, 
    destinationIsOld=0) at ../sxx/branchx.sxx:194
$93 = 129

Breakpoint 2, BranchDescriptionStub::migrate (this=0x567694, origin=0x55f694, 
    destinationIsOld=0) at ../sxx/branchx.sxx:194
$94 = 215

Breakpoint 2, BranchDescriptionStub::migrate (this=0x567ef8, origin=0x55fef8, 
    destinationIsOld=0) at ../sxx/branchx.sxx:194
$95 = 203

Breakpoint 2, BranchDescriptionStub::migrate (this=0x568a20, origin=0x56ca20, 
    destinationIsOld=0) at ../sxx/branchx.sxx:194
$96 = 251

Breakpoint 2, BranchDescriptionStub::migrate (this=0x568f10, origin=0x56cf10, 
    destinationIsOld=0) at ../sxx/branchx.sxx:194
$97 = 268

Breakpoint 2, BranchDescriptionStub::migrate (this=0x569c9c, origin=0x56dc9c, 
    destinationIsOld=0) at ../sxx/branchx.sxx:194
$98 = 276

Breakpoint 2, BranchDescriptionStub::migrate (this=0x56a4a8, origin=0x56e4a8, 
    destinationIsOld=0) at ../sxx/branchx.sxx:194
$99 = 265

Breakpoint 2, BranchDescriptionStub::migrate (this=0x5708cc, origin=0x5808cc, 
    destinationIsOld=0) at ../sxx/branchx.sxx:194
$100 = 232

Breakpoint 2, BranchDescriptionStub::migrate (this=0x558130, origin=0x564f78, 
    destinationIsOld=0) at ../sxx/branchx.sxx:194
$101 = 226

Breakpoint 2, BranchDescriptionStub::migrate (this=0x558594, origin=0x5652c8, 
    destinationIsOld=0) at ../sxx/branchx.sxx:194
$102 = 218

Breakpoint 2, BranchDescriptionStub::migrate (this=0x558a30, origin=0x565764, 
    destinationIsOld=0) at ../sxx/branchx.sxx:194
$103 = 147

Breakpoint 2, BranchDescriptionStub::migrate (this=0x558c34, origin=0x565968, 
    destinationIsOld=0) at ../sxx/branchx.sxx:194
$104 = 143

Breakpoint 2, BranchDescriptionStub::migrate (this=0x558de0, origin=0x565b14, 
    destinationIsOld=0) at ../sxx/branchx.sxx:194
$105 = 132

Breakpoint 2, BranchDescriptionStub::migrate (this=0x559398, origin=0x5660cc, 
    destinationIsOld=0) at ../sxx/branchx.sxx:194
$106 = 124

Breakpoint 2, BranchDescriptionStub::migrate (this=0x5595c0, origin=0x5662f4, 
    destinationIsOld=0) at ../sxx/branchx.sxx:194
$107 = 129

Breakpoint 2, BranchDescriptionStub::migrate (this=0x55a90c, origin=0x567694, 
    destinationIsOld=0) at ../sxx/branchx.sxx:194
$108 = 215

Breakpoint 2, BranchDescriptionStub::migrate (this=0x55b170, origin=0x567ef8, 
    destinationIsOld=0) at ../sxx/branchx.sxx:194
$109 = 203

Breakpoint 2, BranchDescriptionStub::migrate (this=0x55bb60, origin=0x568a20, 
    destinationIsOld=0) at ../sxx/branchx.sxx:194
$110 = 251

Breakpoint 2, BranchDescriptionStub::migrate (this=0x580088, origin=0x568f10, 
    destinationIsOld=0) at ../sxx/branchx.sxx:194
$111 = 268

Breakpoint 2, BranchDescriptionStub::migrate (this=0x580f28, origin=0x569c9c, 
    destinationIsOld=0) at ../sxx/branchx.sxx:194
$112 = 276

Breakpoint 2, BranchDescriptionStub::migrate (this=0x581734, origin=0x56a4a8, 
    destinationIsOld=0) at ../sxx/branchx.sxx:194
$113 = 265

Breakpoint 2, BranchDescriptionStub::migrate (this=0x583a08, origin=0x5708cc, 
    destinationIsOld=0) at ../sxx/branchx.sxx:194
$114 = 232

Breakpoint 2, BranchDescriptionStub::migrate (this=0x560554, origin=0x559398, 
    destinationIsOld=0) at ../sxx/branchx.sxx:194
$115 = 124

Breakpoint 2, BranchDescriptionStub::migrate (this=0x5607e4, origin=0x558de0, 
    destinationIsOld=0) at ../sxx/branchx.sxx:194
$116 = 132

Breakpoint 2, BranchDescriptionStub::migrate (this=0x560ed4, origin=0x558c34, 
    destinationIsOld=0) at ../sxx/branchx.sxx:194
$117 = 143

Breakpoint 2, BranchDescriptionStub::migrate (this=0x5611b4, origin=0x558a30, 
    destinationIsOld=0) at ../sxx/branchx.sxx:194
$118 = 147

Breakpoint 2, BranchDescriptionStub::migrate (this=0x561904, origin=0x558594, 
    destinationIsOld=0) at ../sxx/branchx.sxx:194
$119 = 218

Breakpoint 2, BranchDescriptionStub::migrate (this=0x561e38, origin=0x558130, 
    destinationIsOld=0) at ../sxx/branchx.sxx:194
$120 = 226

Breakpoint 2, BranchDescriptionStub::migrate (this=0x562974, origin=0x583a08, 
    destinationIsOld=0) at ../sxx/branchx.sxx:194
$121 = 232

Breakpoint 2, BranchDescriptionStub::migrate (this=0x5631b4, origin=0x55a90c, 
    destinationIsOld=0) at ../sxx/branchx.sxx:194
$122 = 215

Breakpoint 2, BranchDescriptionStub::migrate (this=0x563a18, origin=0x55b170, 
    destinationIsOld=0) at ../sxx/branchx.sxx:194
$123 = 203

Breakpoint 2, BranchDescriptionStub::migrate (this=0x56454c, origin=0x55bb60, 
    destinationIsOld=0) at ../sxx/branchx.sxx:194
$124 = 251

Breakpoint 2, BranchDescriptionStub::migrate (this=0x564a3c, origin=0x580088, 
    destinationIsOld=0) at ../sxx/branchx.sxx:194
$125 = 268

Breakpoint 2, BranchDescriptionStub::migrate (this=0x5657c8, origin=0x580f28, 
    destinationIsOld=0) at ../sxx/branchx.sxx:194
$126 = 276

Breakpoint 2, BranchDescriptionStub::migrate (this=0x565fd4, origin=0x581734, 
    destinationIsOld=0) at ../sxx/branchx.sxx:194
$127 = 265

Breakpoint 2, BranchDescriptionStub::migrate (this=0x568060, origin=0x5595c0, 
    destinationIsOld=0) at ../sxx/branchx.sxx:194
$128 = 129

Breakpoint 2, BranchDescriptionStub::migrate (this=0x5bbefc, origin=0x560554, 
    destinationIsOld=1) at ../sxx/branchx.sxx:194
$129 = 124

Breakpoint 2, BranchDescriptionStub::migrate (this=0x578288, origin=0x5607e4, 
    destinationIsOld=1) at ../sxx/branchx.sxx:194
$130 = 132

Breakpoint 2, BranchDescriptionStub::migrate (this=0x578ca0, origin=0x560ed4, 
    destinationIsOld=1) at ../sxx/branchx.sxx:194
$131 = 143

Breakpoint 2, BranchDescriptionStub::migrate (this=0x578f80, origin=0x5611b4, 
    destinationIsOld=1) at ../sxx/branchx.sxx:194
$132 = 147

Breakpoint 2, BranchDescriptionStub::migrate (this=0x5796d0, origin=0x561904, 
    destinationIsOld=1) at ../sxx/branchx.sxx:194
$133 = 218

Breakpoint 2, BranchDescriptionStub::migrate (this=0x579c04, origin=0x561e38, 
    destinationIsOld=1) at ../sxx/branchx.sxx:194
$134 = 226

Breakpoint 2, BranchDescriptionStub::migrate (this=0x57a740, origin=0x562974, 
    destinationIsOld=1) at ../sxx/branchx.sxx:194
$135 = 232

Breakpoint 2, BranchDescriptionStub::migrate (this=0x57b194, origin=0x5631b4, 
    destinationIsOld=1) at ../sxx/branchx.sxx:194
$136 = 215

Breakpoint 2, BranchDescriptionStub::migrate (this=0x57b9f8, origin=0x563a18, 
    destinationIsOld=1) at ../sxx/branchx.sxx:194
$137 = 203

Breakpoint 2, BranchDescriptionStub::migrate (this=0x5582cc, origin=0x56454c, 
    destinationIsOld=0) at ../sxx/branchx.sxx:194
$138 = 251

Breakpoint 2, BranchDescriptionStub::migrate (this=0x5588d0, origin=0x564a3c, 
    destinationIsOld=0) at ../sxx/branchx.sxx:194
$139 = 268

Breakpoint 2, BranchDescriptionStub::migrate (this=0x55965c, origin=0x5657c8, 
    destinationIsOld=0) at ../sxx/branchx.sxx:194
$140 = 276

Breakpoint 2, BranchDescriptionStub::migrate (this=0x559e68, origin=0x565fd4, 
    destinationIsOld=0) at ../sxx/branchx.sxx:194
$141 = 265

Breakpoint 2, BranchDescriptionStub::migrate (this=0x57dfe0, origin=0x568060, 
    destinationIsOld=1) at ../sxx/branchx.sxx:194
$142 = 129

Breakpoint 2, BranchDescriptionStub::migrate (this=0x5602cc, origin=0x5582cc, 
    destinationIsOld=0) at ../sxx/branchx.sxx:194
$143 = 251

Breakpoint 2, BranchDescriptionStub::migrate (this=0x5608d0, origin=0x5588d0, 
    destinationIsOld=0) at ../sxx/branchx.sxx:194
$144 = 268

Breakpoint 2, BranchDescriptionStub::migrate (this=0x56165c, origin=0x55965c, 
    destinationIsOld=0) at ../sxx/branchx.sxx:194
$145 = 276

Breakpoint 2, BranchDescriptionStub::migrate (this=0x561e68, origin=0x559e68, 
    destinationIsOld=0) at ../sxx/branchx.sxx:194
$146 = 265

Breakpoint 2, BranchDescriptionStub::migrate (this=0x5582b0, origin=0x5602cc, 
    destinationIsOld=0) at ../sxx/branchx.sxx:194
$147 = 251

Breakpoint 2, BranchDescriptionStub::migrate (this=0x5588b4, origin=0x5608d0, 
    destinationIsOld=0) at ../sxx/branchx.sxx:194
$148 = 268

Breakpoint 2, BranchDescriptionStub::migrate (this=0x559640, origin=0x56165c, 
    destinationIsOld=0) at ../sxx/branchx.sxx:194
$149 = 276

Breakpoint 2, BranchDescriptionStub::migrate (this=0x559e4c, origin=0x561e68, 
    destinationIsOld=0) at ../sxx/branchx.sxx:194
$150 = 265

Breakpoint 2, BranchDescriptionStub::migrate (this=0x5602b0, origin=0x5582b0, 
    destinationIsOld=0) at ../sxx/branchx.sxx:194
$151 = 251

Breakpoint 2, BranchDescriptionStub::migrate (this=0x5608b4, origin=0x5588b4, 
    destinationIsOld=0) at ../sxx/branchx.sxx:194
$152 = 268

Breakpoint 2, BranchDescriptionStub::migrate (this=0x561640, origin=0x559640, 
    destinationIsOld=0) at ../sxx/branchx.sxx:194
$153 = 276

Breakpoint 2, BranchDescriptionStub::migrate (this=0x561e4c, origin=0x559e4c, 
    destinationIsOld=0) at ../sxx/branchx.sxx:194
$154 = 265

Breakpoint 2, BranchDescriptionStub::migrate (this=0x5582b0, origin=0x5602b0, 
    destinationIsOld=0) at ../sxx/branchx.sxx:194
$155 = 251

Breakpoint 2, BranchDescriptionStub::migrate (this=0x5588b4, origin=0x5608b4, 
    destinationIsOld=0) at ../sxx/branchx.sxx:194
$156 = 268

Breakpoint 2, BranchDescriptionStub::migrate (this=0x559640, origin=0x561640, 
    destinationIsOld=0) at ../sxx/branchx.sxx:194
$157 = 276

Breakpoint 2, BranchDescriptionStub::migrate (this=0x559e4c, origin=0x561e4c, 
    destinationIsOld=0) at ../sxx/branchx.sxx:194
$158 = 265

Breakpoint 2, BranchDescriptionStub::migrate (this=0x56467c, origin=0x5582b0, 
    destinationIsOld=1) at ../sxx/branchx.sxx:194
$159 = 251

Breakpoint 2, BranchDescriptionStub::migrate (this=0x564d94, origin=0x5588b4, 
    destinationIsOld=1) at ../sxx/branchx.sxx:194
$160 = 268

Breakpoint 2, BranchDescriptionStub::migrate (this=0x565b20, origin=0x559640, 
    destinationIsOld=1) at ../sxx/branchx.sxx:194
$161 = 276

Breakpoint 2, BranchDescriptionStub::migrate (this=0x56632c, origin=0x559e4c, 
    destinationIsOld=1) at ../sxx/branchx.sxx:194
$162 = 265

Breakpoint 1, TokenSource::takeToken (this=0x55c028) at ../tokensx.cxx:81
tmp = 5

Breakpoint 1, TokenSource::takeToken (this=0x55c028) at ../tokensx.cxx:81
tmp = 281

Breakpoint 1, TokenSource::takeToken (this=0x55c028) at ../tokensx.cxx:81
tmp = 5

Breakpoint 1, TokenSource::takeToken (this=0x55c028) at ../tokensx.cxx:81
tmp = 282

Breakpoint 1, TokenSource::takeToken (this=0x55c028) at ../tokensx.cxx:81
tmp = 283

Breakpoint 1, TokenSource::takeToken (this=0x55c028) at ../tokensx.cxx:81
tmp = 284

Breakpoint 1, TokenSource::takeToken (this=0x55c028) at ../tokensx.cxx:81
tmp = 285

Breakpoint 1, TokenSource::takeToken (this=0x55c028) at ../tokensx.cxx:81
tmp = 286

Breakpoint 1, TokenSource::takeToken (this=0x55c028) at ../tokensx.cxx:81
tmp = 287

Breakpoint 1, TokenSource::takeToken (this=0x55c028) at ../tokensx.cxx:81
tmp = 288

Breakpoint 1, TokenSource::takeToken (this=0x55c028) at ../tokensx.cxx:81
tmp = 289

Breakpoint 1, TokenSource::takeToken (this=0x55c028) at ../tokensx.cxx:81
tmp = 290

Breakpoint 1, TokenSource::takeToken (this=0x55c028) at ../tokensx.cxx:81
tmp = 291

Breakpoint 1, TokenSource::takeToken (this=0x55c028) at ../tokensx.cxx:81
tmp = 292

Breakpoint 1, TokenSource::takeToken (this=0x55c028) at ../tokensx.cxx:81
tmp = 293

Breakpoint 1, TokenSource::takeToken (this=0x55c028) at ../tokensx.cxx:81
tmp = 294

Breakpoint 1, TokenSource::takeToken (this=0x55c028) at ../tokensx.cxx:81
tmp = 295

Breakpoint 1, TokenSource::takeToken (this=0x55c028) at ../tokensx.cxx:81
tmp = 296

Breakpoint 1, TokenSource::takeToken (this=0x55c028) at ../tokensx.cxx:81
tmp = 297

Breakpoint 1, TokenSource::takeToken (this=0x55c028) at ../tokensx.cxx:81
tmp = 298

Breakpoint 1, TokenSource::takeToken (this=0x55c028) at ../tokensx.cxx:81
tmp = 299

Breakpoint 1, TokenSource::takeToken (this=0x55c028) at ../tokensx.cxx:81
tmp = 300

Breakpoint 1, TokenSource::takeToken (this=0x55c028) at ../tokensx.cxx:81
tmp = 301

Breakpoint 1, TokenSource::takeToken (this=0x55c028) at ../tokensx.cxx:81
tmp = 302

Breakpoint 1, TokenSource::takeToken (this=0x55c028) at ../tokensx.cxx:81
tmp = 303

Breakpoint 1, TokenSource::takeToken (this=0x55c028) at ../tokensx.cxx:81
tmp = 304

Breakpoint 1, TokenSource::takeToken (this=0x55c028) at ../tokensx.cxx:81
tmp = 305

Breakpoint 1, TokenSource::takeToken (this=0x55c028) at ../tokensx.cxx:81
tmp = 306

Breakpoint 1, TokenSource::takeToken (this=0x55c028) at ../tokensx.cxx:81
tmp = 307

Breakpoint 1, TokenSource::takeToken (this=0x55c028) at ../tokensx.cxx:81
tmp = 308

Breakpoint 1, TokenSource::takeToken (this=0x55c028) at ../tokensx.cxx:81
tmp = 309

Breakpoint 1, TokenSource::takeToken (this=0x55c028) at ../tokensx.cxx:81
tmp = 310

Breakpoint 1, TokenSource::takeToken (this=0x55c028) at ../tokensx.cxx:81
tmp = 311

Breakpoint 1, TokenSource::takeToken (this=0x55c028) at ../tokensx.cxx:81
tmp = 312

Breakpoint 1, TokenSource::takeToken (this=0x55c028) at ../tokensx.cxx:81
tmp = 313

Breakpoint 1, TokenSource::takeToken (this=0x55c028) at ../tokensx.cxx:81
tmp = 314

Breakpoint 1, TokenSource::takeToken (this=0x55c028) at ../tokensx.cxx:81
tmp = 315

Breakpoint 1, TokenSource::takeToken (this=0x55c028) at ../tokensx.cxx:81
tmp = 316

Breakpoint 1, TokenSource::takeToken (this=0x55c028) at ../tokensx.cxx:81
tmp = 317

Breakpoint 1, TokenSource::takeToken (this=0x55c028) at ../tokensx.cxx:81
tmp = 5

Breakpoint 1, TokenSource::takeToken (this=0x55c028) at ../tokensx.cxx:81
tmp = 5

Breakpoint 1, TokenSource::takeToken (this=0x55c028) at ../tokensx.cxx:81
tmp = 5

Breakpoint 1, TokenSource::takeToken (this=0x55c028) at ../tokensx.cxx:81
tmp = 318

Breakpoint 1, TokenSource::takeToken (this=0x55c028) at ../tokensx.cxx:81
tmp = 319

Breakpoint 1, TokenSource::takeToken (this=0x55c028) at ../tokensx.cxx:81
tmp = 320

Breakpoint 1, TokenSource::takeToken (this=0x55c028) at ../tokensx.cxx:81
tmp = 319

Breakpoint 1, TokenSource::takeToken (this=0x55c028) at ../tokensx.cxx:81
tmp = 321

Breakpoint 1, TokenSource::takeToken (this=0x55c028) at ../tokensx.cxx:81
tmp = 322

Breakpoint 1, TokenSource::takeToken (this=0x55c028) at ../tokensx.cxx:81
tmp = 323

Breakpoint 1, TokenSource::takeToken (this=0x55c028) at ../tokensx.cxx:81
tmp = 324

Breakpoint 1, TokenSource::takeToken (this=0x55c028) at ../tokensx.cxx:81
tmp = 325

Breakpoint 1, TokenSource::takeToken (this=0x55c028) at ../tokensx.cxx:81
tmp = 326

Breakpoint 1, TokenSource::takeToken (this=0x55c028) at ../tokensx.cxx:81
tmp = 327

Breakpoint 1, TokenSource::takeToken (this=0x55c028) at ../tokensx.cxx:81
tmp = 328

Breakpoint 1, TokenSource::takeToken (this=0x55c028) at ../tokensx.cxx:81
tmp = 329

Breakpoint 1, TokenSource::takeToken (this=0x55c028) at ../tokensx.cxx:81
tmp = 330

Breakpoint 1, TokenSource::takeToken (this=0x55c028) at ../tokensx.cxx:81
tmp = 331

Breakpoint 1, TokenSource::takeToken (this=0x55c028) at ../tokensx.cxx:81
tmp = 332

Breakpoint 1, TokenSource::takeToken (this=0x55c028) at ../tokensx.cxx:81
tmp = 333

Breakpoint 1, TokenSource::takeToken (this=0x55c028) at ../tokensx.cxx:81
tmp = 334

Breakpoint 1, TokenSource::takeToken (this=0x55c028) at ../tokensx.cxx:81
tmp = 335

Breakpoint 1, TokenSource::takeToken (this=0x55c028) at ../tokensx.cxx:81
tmp = 336

Breakpoint 1, TokenSource::takeToken (this=0x55c028) at ../tokensx.cxx:81
tmp = 337

Breakpoint 1, TokenSource::takeToken (this=0x55c028) at ../tokensx.cxx:81
tmp = 338

Breakpoint 1, TokenSource::takeToken (this=0x55c028) at ../tokensx.cxx:81
tmp = 339

Breakpoint 1, TokenSource::takeToken (this=0x55c028) at ../tokensx.cxx:81
tmp = 340

Breakpoint 1, TokenSource::takeToken (this=0x55c028) at ../tokensx.cxx:81
tmp = 341

Breakpoint 1, TokenSource::takeToken (this=0x55c028) at ../tokensx.cxx:81
tmp = 342

Breakpoint 1, TokenSource::takeToken (this=0x55c028) at ../tokensx.cxx:81
tmp = 343

Breakpoint 1, TokenSource::takeToken (this=0x55c028) at ../tokensx.cxx:81
tmp = 344

Breakpoint 1, TokenSource::takeToken (this=0x55c028) at ../tokensx.cxx:81
tmp = 345

Breakpoint 1, TokenSource::takeToken (this=0x55c028) at ../tokensx.cxx:81
tmp = 319

Breakpoint 1, TokenSource::takeToken (this=0x55c028) at ../tokensx.cxx:81
tmp = 346

Breakpoint 1, TokenSource::takeToken (this=0x55c028) at ../tokensx.cxx:81
tmp = 319

Breakpoint 1, TokenSource::takeToken (this=0x55c028) at ../tokensx.cxx:81
tmp = 347

Breakpoint 1, TokenSource::takeToken (this=0x55c028) at ../tokensx.cxx:81
tmp = 348

Breakpoint 1, TokenSource::takeToken (this=0x55c028) at ../tokensx.cxx:81
tmp = 319

Breakpoint 1, TokenSource::takeToken (this=0x55c028) at ../tokensx.cxx:81
tmp = 349

Breakpoint 1, TokenSource::takeToken (this=0x55c028) at ../tokensx.cxx:81
tmp = 319

Breakpoint 1, TokenSource::takeToken (this=0x55c028) at ../tokensx.cxx:81
tmp = 350

Breakpoint 1, TokenSource::takeToken (this=0x55c028) at ../tokensx.cxx:81
tmp = 319

Breakpoint 1, TokenSource::takeToken (this=0x55c028) at ../tokensx.cxx:81
tmp = 351

Breakpoint 1, TokenSource::takeToken (this=0x55c028) at ../tokensx.cxx:81
tmp = 352

Breakpoint 1, TokenSource::takeToken (this=0x55c028) at ../tokensx.cxx:81
tmp = 319

Breakpoint 1, TokenSource::takeToken (this=0x55c028) at ../tokensx.cxx:81
tmp = 353

Breakpoint 1, TokenSource::takeToken (this=0x55c028) at ../tokensx.cxx:81
tmp = 354

Breakpoint 1, TokenSource::takeToken (this=0x55c028) at ../tokensx.cxx:81
tmp = 319

Breakpoint 1, TokenSource::takeToken (this=0x55c028) at ../tokensx.cxx:81
tmp = 355

Breakpoint 1, TokenSource::takeToken (this=0x55c028) at ../tokensx.cxx:81
tmp = 356

Breakpoint 1, TokenSource::takeToken (this=0x55c028) at ../tokensx.cxx:81
tmp = 319

Breakpoint 1, TokenSource::takeToken (this=0x55c028) at ../tokensx.cxx:81
tmp = 357

Breakpoint 1, TokenSource::takeToken (this=0x55c028) at ../tokensx.cxx:81
tmp = 358

Breakpoint 1, TokenSource::takeToken (this=0x55c028) at ../tokensx.cxx:81
tmp = 319

Breakpoint 1, TokenSource::takeToken (this=0x55c028) at ../tokensx.cxx:81
tmp = 319

Breakpoint 1, TokenSource::takeToken (this=0x55c028) at ../tokensx.cxx:81
tmp = 359

Breakpoint 1, TokenSource::takeToken (this=0x55c028) at ../tokensx.cxx:81
tmp = 360

Breakpoint 2, BranchDescriptionStub::migrate (this=0x568d5c, origin=0x5605d0, 
    destinationIsOld=0) at ../sxx/branchx.sxx:194
$163 = 348

Breakpoint 2, BranchDescriptionStub::migrate (this=0x568ecc, origin=0x560c28, 
    destinationIsOld=0) at ../sxx/branchx.sxx:194
$164 = 352

Breakpoint 2, BranchDescriptionStub::migrate (this=0x568f84, origin=0x560ef0, 
    destinationIsOld=0) at ../sxx/branchx.sxx:194
$165 = 354

Breakpoint 2, BranchDescriptionStub::migrate (this=0x56903c, origin=0x5610fc, 
    destinationIsOld=0) at ../sxx/branchx.sxx:194
$166 = 356

Breakpoint 2, BranchDescriptionStub::migrate (this=0x5690f4, origin=0x561308, 
    destinationIsOld=0) at ../sxx/branchx.sxx:194
$167 = 358

Breakpoint 2, BranchDescriptionStub::migrate (this=0x558d5c, origin=0x568d5c, 
    destinationIsOld=0) at ../sxx/branchx.sxx:194
$168 = 348

Breakpoint 2, BranchDescriptionStub::migrate (this=0x558ecc, origin=0x568ecc, 
    destinationIsOld=0) at ../sxx/branchx.sxx:194
$169 = 352

Breakpoint 2, BranchDescriptionStub::migrate (this=0x558f84, origin=0x568f84, 
    destinationIsOld=0) at ../sxx/branchx.sxx:194
$170 = 354

Breakpoint 2, BranchDescriptionStub::migrate (this=0x55903c, origin=0x56903c, 
    destinationIsOld=0) at ../sxx/branchx.sxx:194
$171 = 356

Breakpoint 2, BranchDescriptionStub::migrate (this=0x5590f4, origin=0x5690f4, 
    destinationIsOld=0) at ../sxx/branchx.sxx:194
$172 = 358

Breakpoint 2, BranchDescriptionStub::migrate (this=0x560d40, origin=0x558d5c, 
    destinationIsOld=0) at ../sxx/branchx.sxx:194
$173 = 348

Breakpoint 2, BranchDescriptionStub::migrate (this=0x560eb0, origin=0x558ecc, 
    destinationIsOld=0) at ../sxx/branchx.sxx:194
$174 = 352

Breakpoint 2, BranchDescriptionStub::migrate (this=0x560f68, origin=0x558f84, 
    destinationIsOld=0) at ../sxx/branchx.sxx:194
$175 = 354

Breakpoint 2, BranchDescriptionStub::migrate (this=0x561020, origin=0x55903c, 
    destinationIsOld=0) at ../sxx/branchx.sxx:194
$176 = 356

Breakpoint 2, BranchDescriptionStub::migrate (this=0x5610d8, origin=0x5590f4, 
    destinationIsOld=0) at ../sxx/branchx.sxx:194
$177 = 358

Breakpoint 2, BranchDescriptionStub::migrate (this=0x558d40, origin=0x560d40, 
    destinationIsOld=0) at ../sxx/branchx.sxx:194
$178 = 348

Breakpoint 2, BranchDescriptionStub::migrate (this=0x558eb0, origin=0x560eb0, 
    destinationIsOld=0) at ../sxx/branchx.sxx:194
$179 = 352

Breakpoint 2, BranchDescriptionStub::migrate (this=0x558f68, origin=0x560f68, 
    destinationIsOld=0) at ../sxx/branchx.sxx:194
$180 = 354

Breakpoint 2, BranchDescriptionStub::migrate (this=0x559020, origin=0x561020, 
    destinationIsOld=0) at ../sxx/branchx.sxx:194
$181 = 356

Breakpoint 2, BranchDescriptionStub::migrate (this=0x5590d8, origin=0x5610d8, 
    destinationIsOld=0) at ../sxx/branchx.sxx:194
$182 = 358

Breakpoint 1, TokenSource::takeToken (this=0x55c028) at ../tokensx.cxx:81
tmp = 361

Breakpoint 1, TokenSource::takeToken (this=0x55c028) at ../tokensx.cxx:81
tmp = 362

Breakpoint 1, TokenSource::takeToken (this=0x55c028) at ../tokensx.cxx:81
tmp = 363

Breakpoint 1, TokenSource::takeToken (this=0x55c028) at ../tokensx.cxx:81
tmp = 364

Breakpoint 2, BranchDescriptionStub::migrate (this=0x568d40, origin=0x558d40, 
    destinationIsOld=0) at ../sxx/branchx.sxx:194
$183 = 348

Breakpoint 2, BranchDescriptionStub::migrate (this=0x568eb0, origin=0x558eb0, 
    destinationIsOld=0) at ../sxx/branchx.sxx:194
$184 = 352

Breakpoint 2, BranchDescriptionStub::migrate (this=0x568f68, origin=0x558f68, 
    destinationIsOld=0) at ../sxx/branchx.sxx:194
$185 = 354

Breakpoint 2, BranchDescriptionStub::migrate (this=0x569020, origin=0x559020, 
    destinationIsOld=0) at ../sxx/branchx.sxx:194
$186 = 356

Breakpoint 2, BranchDescriptionStub::migrate (this=0x5690d8, origin=0x5590d8, 
    destinationIsOld=0) at ../sxx/branchx.sxx:194
$187 = 358

Breakpoint 2, BranchDescriptionStub::migrate (this=0x558d28, origin=0x568d40, 
    destinationIsOld=0) at ../sxx/branchx.sxx:194
$188 = 348

Breakpoint 2, BranchDescriptionStub::migrate (this=0x558e98, origin=0x568eb0, 
    destinationIsOld=0) at ../sxx/branchx.sxx:194
$189 = 352

Breakpoint 2, BranchDescriptionStub::migrate (this=0x558f50, origin=0x568f68, 
    destinationIsOld=0) at ../sxx/branchx.sxx:194
$190 = 354

Breakpoint 2, BranchDescriptionStub::migrate (this=0x559008, origin=0x569020, 
    destinationIsOld=0) at ../sxx/branchx.sxx:194
$191 = 356

Breakpoint 2, BranchDescriptionStub::migrate (this=0x5590c0, origin=0x5690d8, 
    destinationIsOld=0) at ../sxx/branchx.sxx:194
$192 = 358

Breakpoint 2, BranchDescriptionStub::migrate (this=0x568d28, origin=0x558d28, 
    destinationIsOld=0) at ../sxx/branchx.sxx:194
$193 = 348

Breakpoint 2, BranchDescriptionStub::migrate (this=0x568e98, origin=0x558e98, 
    destinationIsOld=0) at ../sxx/branchx.sxx:194
$194 = 352

Breakpoint 2, BranchDescriptionStub::migrate (this=0x568f50, origin=0x558f50, 
    destinationIsOld=0) at ../sxx/branchx.sxx:194
$195 = 354

Breakpoint 2, BranchDescriptionStub::migrate (this=0x569008, origin=0x559008, 
    destinationIsOld=0) at ../sxx/branchx.sxx:194
$196 = 356

Breakpoint 2, BranchDescriptionStub::migrate (this=0x5690c0, origin=0x5590c0, 
    destinationIsOld=0) at ../sxx/branchx.sxx:194
$197 = 358

Breakpoint 2, BranchDescriptionStub::migrate (this=0x558d28, origin=0x568d28, 
    destinationIsOld=0) at ../sxx/branchx.sxx:194
$198 = 348

Breakpoint 2, BranchDescriptionStub::migrate (this=0x558e98, origin=0x568e98, 
    destinationIsOld=0) at ../sxx/branchx.sxx:194
$199 = 352

Breakpoint 2, BranchDescriptionStub::migrate (this=0x558f50, origin=0x568f50, 
    destinationIsOld=0) at ../sxx/branchx.sxx:194
$200 = 354

Breakpoint 2, BranchDescriptionStub::migrate (this=0x559008, origin=0x569008, 
    destinationIsOld=0) at ../sxx/branchx.sxx:194
$201 = 356

Breakpoint 2, BranchDescriptionStub::migrate (this=0x5590c0, origin=0x5690c0, 
    destinationIsOld=0) at ../sxx/branchx.sxx:194
$202 = 358

Breakpoint 2, BranchDescriptionStub::migrate (this=0x568d28, origin=0x558d28, 
    destinationIsOld=0) at ../sxx/branchx.sxx:194
$203 = 348

Breakpoint 2, BranchDescriptionStub::migrate (this=0x568e98, origin=0x558e98, 
    destinationIsOld=0) at ../sxx/branchx.sxx:194
$204 = 352

Breakpoint 2, BranchDescriptionStub::migrate (this=0x568f50, origin=0x558f50, 
    destinationIsOld=0) at ../sxx/branchx.sxx:194
$205 = 354

Breakpoint 2, BranchDescriptionStub::migrate (this=0x569008, origin=0x559008, 
    destinationIsOld=0) at ../sxx/branchx.sxx:194
$206 = 356

Breakpoint 2, BranchDescriptionStub::migrate (this=0x5690c0, origin=0x5590c0, 
    destinationIsOld=0) at ../sxx/branchx.sxx:194
$207 = 358

Breakpoint 2, BranchDescriptionStub::migrate (this=0x558d28, origin=0x568d28, 
    destinationIsOld=0) at ../sxx/branchx.sxx:194
$208 = 348

Breakpoint 2, BranchDescriptionStub::migrate (this=0x558e98, origin=0x568e98, 
    destinationIsOld=0) at ../sxx/branchx.sxx:194
$209 = 352

Breakpoint 2, BranchDescriptionStub::migrate (this=0x558f50, origin=0x568f50, 
    destinationIsOld=0) at ../sxx/branchx.sxx:194
$210 = 354

Breakpoint 2, BranchDescriptionStub::migrate (this=0x559008, origin=0x569008, 
    destinationIsOld=0) at ../sxx/branchx.sxx:194
$211 = 356

Breakpoint 2, BranchDescriptionStub::migrate (this=0x5590c0, origin=0x5690c0, 
    destinationIsOld=0) at ../sxx/branchx.sxx:194
$212 = 358

Breakpoint 2, BranchDescriptionStub::migrate (this=0x568d28, origin=0x558d28, 
    destinationIsOld=0) at ../sxx/branchx.sxx:194
$213 = 348

Breakpoint 2, BranchDescriptionStub::migrate (this=0x568e98, origin=0x558e98, 
    destinationIsOld=0) at ../sxx/branchx.sxx:194
$214 = 352

Breakpoint 2, BranchDescriptionStub::migrate (this=0x568f50, origin=0x558f50, 
    destinationIsOld=0) at ../sxx/branchx.sxx:194
$215 = 354

Breakpoint 2, BranchDescriptionStub::migrate (this=0x569008, origin=0x559008, 
    destinationIsOld=0) at ../sxx/branchx.sxx:194
$216 = 356

Breakpoint 2, BranchDescriptionStub::migrate (this=0x5690c0, origin=0x5590c0, 
    destinationIsOld=0) at ../sxx/branchx.sxx:194
$217 = 358

Breakpoint 2, BranchDescriptionStub::migrate (this=0x558d28, origin=0x568d28, 
    destinationIsOld=0) at ../sxx/branchx.sxx:194
$218 = 348

Breakpoint 2, BranchDescriptionStub::migrate (this=0x558e98, origin=0x568e98, 
    destinationIsOld=0) at ../sxx/branchx.sxx:194
$219 = 352

Breakpoint 2, BranchDescriptionStub::migrate (this=0x558f50, origin=0x568f50, 
    destinationIsOld=0) at ../sxx/branchx.sxx:194
$220 = 354

Breakpoint 2, BranchDescriptionStub::migrate (this=0x559008, origin=0x569008, 
    destinationIsOld=0) at ../sxx/branchx.sxx:194
$221 = 356

Breakpoint 2, BranchDescriptionStub::migrate (this=0x5590c0, origin=0x5690c0, 
    destinationIsOld=0) at ../sxx/branchx.sxx:194
$222 = 358

Breakpoint 2, BranchDescriptionStub::migrate (this=0x568d28, origin=0x558d28, 
    destinationIsOld=0) at ../sxx/branchx.sxx:194
$223 = 348

Breakpoint 2, BranchDescriptionStub::migrate (this=0x568e98, origin=0x558e98, 
    destinationIsOld=0) at ../sxx/branchx.sxx:194
$224 = 352

Breakpoint 2, BranchDescriptionStub::migrate (this=0x568f50, origin=0x558f50, 
    destinationIsOld=0) at ../sxx/branchx.sxx:194
$225 = 354

Breakpoint 2, BranchDescriptionStub::migrate (this=0x569008, origin=0x559008, 
    destinationIsOld=0) at ../sxx/branchx.sxx:194
$226 = 356

Breakpoint 2, BranchDescriptionStub::migrate (this=0x5690c0, origin=0x5590c0, 
    destinationIsOld=0) at ../sxx/branchx.sxx:194
$227 = 358

Breakpoint 2, BranchDescriptionStub::migrate (this=0x558bdc, origin=0x568d28, 
    destinationIsOld=0) at ../sxx/branchx.sxx:194
$228 = 348

Breakpoint 2, BranchDescriptionStub::migrate (this=0x558d4c, origin=0x568e98, 
    destinationIsOld=0) at ../sxx/branchx.sxx:194
$229 = 352

Breakpoint 2, BranchDescriptionStub::migrate (this=0x558e04, origin=0x568f50, 
    destinationIsOld=0) at ../sxx/branchx.sxx:194
$230 = 354

Breakpoint 2, BranchDescriptionStub::migrate (this=0x558ebc, origin=0x569008, 
    destinationIsOld=0) at ../sxx/branchx.sxx:194
$231 = 356

Breakpoint 2, BranchDescriptionStub::migrate (this=0x558f74, origin=0x5690c0, 
    destinationIsOld=0) at ../sxx/branchx.sxx:194
$232 = 358

Breakpoint 2, BranchDescriptionStub::migrate (this=0x5704f8, origin=0x558bdc, 
    destinationIsOld=1) at ../sxx/branchx.sxx:194
$233 = 48

Breakpoint 2, BranchDescriptionStub::migrate (this=0x570668, origin=0x558d4c, 
    destinationIsOld=1) at ../sxx/branchx.sxx:194
$234 = 352

Breakpoint 2, BranchDescriptionStub::migrate (this=0x570720, origin=0x558e04, 
    destinationIsOld=1) at ../sxx/branchx.sxx:194
$235 = 354

Breakpoint 2, BranchDescriptionStub::migrate (this=0x5707d8, origin=0x558ebc, 
    destinationIsOld=1) at ../sxx/branchx.sxx:194
$236 = 356

Breakpoint 2, BranchDescriptionStub::migrate (this=0x570890, origin=0x558f74, 
    destinationIsOld=1) at ../sxx/branchx.sxx:194
$237 = 358

Breakpoint 1, TokenSource::takeToken (this=0x55c028) at ../tokensx.cxx:81
tmp = 365

Breakpoint 1, TokenSource::takeToken (this=0x55c028) at ../tokensx.cxx:81
tmp = 366

Breakpoint 1, TokenSource::takeToken (this=0x55c028) at ../tokensx.cxx:81
tmp = 367

Breakpoint 1, TokenSource::takeToken (this=0x55c028) at ../tokensx.cxx:81
tmp = 366

Breakpoint 1, TokenSource::takeToken (this=0x55c028) at ../tokensx.cxx:81
tmp = 368

Breakpoint 1, TokenSource::takeToken (this=0x55c028) at ../tokensx.cxx:81
tmp = 366

Breakpoint 1, TokenSource::takeToken (this=0x55c028) at ../tokensx.cxx:81
tmp = 369

Breakpoint 1, TokenSource::takeToken (this=0x55c028) at ../tokensx.cxx:81
tmp = 370

Breakpoint 1, TokenSource::takeToken (this=0x55c028) at ../tokensx.cxx:81
tmp = 366

Breakpoint 1, TokenSource::takeToken (this=0x55c028) at ../tokensx.cxx:81
tmp = 371

Breakpoint 1, TokenSource::takeToken (this=0x55c028) at ../tokensx.cxx:81
tmp = 366

Breakpoint 1, TokenSource::takeToken (this=0x55c028) at ../tokensx.cxx:81
tmp = 372

Breakpoint 1, TokenSource::takeToken (this=0x55c028) at ../tokensx.cxx:81
tmp = 373

Breakpoint 1, TokenSource::takeToken (this=0x55c028) at ../tokensx.cxx:81
tmp = 366

Breakpoint 1, TokenSource::takeToken (this=0x55c028) at ../tokensx.cxx:81
tmp = 374

Breakpoint 1, TokenSource::takeToken (this=0x55c028) at ../tokensx.cxx:81
tmp = 375

Breakpoint 1, TokenSource::takeToken (this=0x55c028) at ../tokensx.cxx:81
tmp = 366

Breakpoint 1, TokenSource::takeToken (this=0x55c028) at ../tokensx.cxx:81
tmp = 366

Breakpoint 1, TokenSource::takeToken (this=0x55c028) at ../tokensx.cxx:81
tmp = 376

Breakpoint 1, TokenSource::takeToken (this=0x55c028) at ../tokensx.cxx:81
tmp = 377

Breakpoint 1, TokenSource::takeToken (this=0x55c028) at ../tokensx.cxx:81
tmp = 378

Breakpoint 1, TokenSource::takeToken (this=0x55c028) at ../tokensx.cxx:81
tmp = 379

Breakpoint 1, TokenSource::takeToken (this=0x55c028) at ../tokensx.cxx:81
tmp = 380

Breakpoint 1, TokenSource::takeToken (this=0x55c028) at ../tokensx.cxx:81
tmp = 381

Breakpoint 1, TokenSource::takeToken (this=0x55c028) at ../tokensx.cxx:81
tmp = 379

Breakpoint 1, TokenSource::takeToken (this=0x55c028) at ../tokensx.cxx:81
tmp = 382

Breakpoint 1, TokenSource::takeToken (this=0x55c028) at ../tokensx.cxx:81
tmp = 383

Breakpoint 1, TokenSource::takeToken (this=0x55c028) at ../tokensx.cxx:81
tmp = 379

Breakpoint 1, TokenSource::takeToken (this=0x55c028) at ../tokensx.cxx:81
tmp = 384

Breakpoint 1, TokenSource::takeToken (this=0x55c028) at ../tokensx.cxx:81
tmp = 385

Breakpoint 1, TokenSource::takeToken (this=0x55c028) at ../tokensx.cxx:81
tmp = 379

Breakpoint 1, TokenSource::takeToken (this=0x55c028) at ../tokensx.cxx:81
tmp = 386

Breakpoint 1, TokenSource::takeToken (this=0x55c028) at ../tokensx.cxx:81
tmp = 387

Breakpoint 1, TokenSource::takeToken (this=0x55c028) at ../tokensx.cxx:81
tmp = 379

Breakpoint 1, TokenSource::takeToken (this=0x55c028) at ../tokensx.cxx:81
tmp = 388

Breakpoint 1, TokenSource::takeToken (this=0x55c028) at ../tokensx.cxx:81
tmp = 389

Breakpoint 1, TokenSource::takeToken (this=0x55c028) at ../tokensx.cxx:81
tmp = 379

Breakpoint 1, TokenSource::takeToken (this=0x55c028) at ../tokensx.cxx:81
tmp = 379

Breakpoint 1, TokenSource::takeToken (this=0x55c028) at ../tokensx.cxx:81
tmp = 390

Breakpoint 1, TokenSource::takeToken (this=0x55c028) at ../tokensx.cxx:81
tmp = 391

Breakpoint 2, BranchDescriptionStub::migrate (this=0x560780, origin=0x559138, 
    destinationIsOld=0) at ../sxx/branchx.sxx:194
$238 = 373

Breakpoint 2, BranchDescriptionStub::migrate (this=0x560838, origin=0x559344, 
    destinationIsOld=0) at ../sxx/branchx.sxx:194
$239 = 375

Breakpoint 2, BranchDescriptionStub::migrate (this=0x560994, origin=0x558c40, 
    destinationIsOld=0) at ../sxx/branchx.sxx:194
$240 = 370

Breakpoint 2, BranchDescriptionStub::migrate (this=0x560a4c, origin=0x558ef0, 
    destinationIsOld=0) at ../sxx/branchx.sxx:194
$241 = 371

Breakpoint 2, BranchDescriptionStub::migrate (this=0x560ad8, origin=0x559e9c, 
    destinationIsOld=0) at ../sxx/branchx.sxx:194
$242 = 381

Breakpoint 2, BranchDescriptionStub::migrate (this=0x560cb0, origin=0x55a0a8, 
    destinationIsOld=0) at ../sxx/branchx.sxx:194
$243 = 383

Breakpoint 2, BranchDescriptionStub::migrate (this=0x560d68, origin=0x55a2b4, 
    destinationIsOld=0) at ../sxx/branchx.sxx:194
$244 = 385

Breakpoint 2, BranchDescriptionStub::migrate (this=0x560e20, origin=0x55a4fc, 
    destinationIsOld=0) at ../sxx/branchx.sxx:194
$245 = 387

Breakpoint 2, BranchDescriptionStub::migrate (this=0x560ed8, origin=0x55a708, 
    destinationIsOld=0) at ../sxx/branchx.sxx:194
$246 = 389

Breakpoint 2, BranchDescriptionStub::migrate (this=0x558780, origin=0x560780, 
    destinationIsOld=0) at ../sxx/branchx.sxx:194
$247 = 373

Breakpoint 2, BranchDescriptionStub::migrate (this=0x558838, origin=0x560838, 
    destinationIsOld=0) at ../sxx/branchx.sxx:194
$248 = 375

Breakpoint 2, BranchDescriptionStub::migrate (this=0x558994, origin=0x560994, 
    destinationIsOld=0) at ../sxx/branchx.sxx:194
$249 = 370

Breakpoint 2, BranchDescriptionStub::migrate (this=0x558a4c, origin=0x560a4c, 
    destinationIsOld=0) at ../sxx/branchx.sxx:194
$250 = 371

Breakpoint 2, BranchDescriptionStub::migrate (this=0x558ad8, origin=0x560ad8, 
    destinationIsOld=0) at ../sxx/branchx.sxx:194
$251 = 381

Breakpoint 2, BranchDescriptionStub::migrate (this=0x558cb0, origin=0x560cb0, 
    destinationIsOld=0) at ../sxx/branchx.sxx:194
$252 = 383

Breakpoint 2, BranchDescriptionStub::migrate (this=0x558d68, origin=0x560d68, 
    destinationIsOld=0) at ../sxx/branchx.sxx:194
$253 = 385

Breakpoint 2, BranchDescriptionStub::migrate (this=0x558e20, origin=0x560e20, 
    destinationIsOld=0) at ../sxx/branchx.sxx:194
$254 = 387

Breakpoint 2, BranchDescriptionStub::migrate (this=0x558ed8, origin=0x560ed8, 
    destinationIsOld=0) at ../sxx/branchx.sxx:194
$255 = 389

Breakpoint 2, BranchDescriptionStub::migrate (this=0x560780, origin=0x558780, 
    destinationIsOld=0) at ../sxx/branchx.sxx:194
$256 = 373

Breakpoint 2, BranchDescriptionStub::migrate (this=0x560838, origin=0x558838, 
    destinationIsOld=0) at ../sxx/branchx.sxx:194
$257 = 375

Breakpoint 2, BranchDescriptionStub::migrate (this=0x560994, origin=0x558994, 
    destinationIsOld=0) at ../sxx/branchx.sxx:194
$258 = 370

Breakpoint 2, BranchDescriptionStub::migrate (this=0x560a4c, origin=0x558a4c, 
    destinationIsOld=0) at ../sxx/branchx.sxx:194
$259 = 371

Breakpoint 2, BranchDescriptionStub::migrate (this=0x560ad8, origin=0x558ad8, 
    destinationIsOld=0) at ../sxx/branchx.sxx:194
$260 = 381

Breakpoint 2, BranchDescriptionStub::migrate (this=0x560cb0, origin=0x558cb0, 
    destinationIsOld=0) at ../sxx/branchx.sxx:194
$261 = 383

Breakpoint 2, BranchDescriptionStub::migrate (this=0x560d68, origin=0x558d68, 
    destinationIsOld=0) at ../sxx/branchx.sxx:194
$262 = 385

Breakpoint 2, BranchDescriptionStub::migrate (this=0x560e20, origin=0x558e20, 
    destinationIsOld=0) at ../sxx/branchx.sxx:194
$263 = 387

Breakpoint 2, BranchDescriptionStub::migrate (this=0x560ed8, origin=0x558ed8, 
    destinationIsOld=0) at ../sxx/branchx.sxx:194
$264 = 389

Breakpoint 2, BranchDescriptionStub::migrate (this=0x558780, origin=0x560780, 
    destinationIsOld=0) at ../sxx/branchx.sxx:194
$265 = 373

Breakpoint 2, BranchDescriptionStub::migrate (this=0x558838, origin=0x560838, 
    destinationIsOld=0) at ../sxx/branchx.sxx:194
$266 = 375

Breakpoint 2, BranchDescriptionStub::migrate (this=0x558994, origin=0x560994, 
    destinationIsOld=0) at ../sxx/branchx.sxx:194
$267 = 370

Breakpoint 2, BranchDescriptionStub::migrate (this=0x558a4c, origin=0x560a4c, 
    destinationIsOld=0) at ../sxx/branchx.sxx:194
$268 = 371

Breakpoint 2, BranchDescriptionStub::migrate (this=0x558ad8, origin=0x560ad8, 
    destinationIsOld=0) at ../sxx/branchx.sxx:194
$269 = 381

Breakpoint 2, BranchDescriptionStub::migrate (this=0x558cb0, origin=0x560cb0, 
    destinationIsOld=0) at ../sxx/branchx.sxx:194
$270 = 383

Breakpoint 2, BranchDescriptionStub::migrate (this=0x558d68, origin=0x560d68, 
    destinationIsOld=0) at ../sxx/branchx.sxx:194
$271 = 385

Breakpoint 2, BranchDescriptionStub::migrate (this=0x558e20, origin=0x560e20, 
    destinationIsOld=0) at ../sxx/branchx.sxx:194
$272 = 387

Breakpoint 2, BranchDescriptionStub::migrate (this=0x558ed8, origin=0x560ed8, 
    destinationIsOld=0) at ../sxx/branchx.sxx:194
$273 = 389

Breakpoint 1, TokenSource::takeToken (this=0x55c028) at ../tokensx.cxx:81
tmp = 392

Breakpoint 1, TokenSource::takeToken (this=0x55c028) at ../tokensx.cxx:81
tmp = 393

Breakpoint 1, TokenSource::takeToken (this=0x55c028) at ../tokensx.cxx:81
tmp = 394

Breakpoint 1, TokenSource::takeToken (this=0x55c028) at ../tokensx.cxx:81
tmp = 393

Breakpoint 1, TokenSource::takeToken (this=0x55c028) at ../tokensx.cxx:81
tmp = 395

Breakpoint 1, TokenSource::takeToken (this=0x55c028) at ../tokensx.cxx:81
tmp = 396

Breakpoint 1, TokenSource::takeToken (this=0x55c028) at ../tokensx.cxx:81
tmp = 397

Breakpoint 1, TokenSource::takeToken (this=0x55c028) at ../tokensx.cxx:81
tmp = 398

Breakpoint 1, TokenSource::takeToken (this=0x55c028) at ../tokensx.cxx:81
tmp = 399

Breakpoint 1, TokenSource::takeToken (this=0x55c028) at ../tokensx.cxx:81
tmp = 400

Breakpoint 1, TokenSource::takeToken (this=0x55c028) at ../tokensx.cxx:81
tmp = 401

Breakpoint 1, TokenSource::takeToken (this=0x55c028) at ../tokensx.cxx:81
tmp = 402

Breakpoint 1, TokenSource::takeToken (this=0x55c028) at ../tokensx.cxx:81
tmp = 403

Breakpoint 1, TokenSource::takeToken (this=0x55c028) at ../tokensx.cxx:81
tmp = 404

Breakpoint 1, TokenSource::takeToken (this=0x55c028) at ../tokensx.cxx:81
tmp = 405

Breakpoint 1, TokenSource::takeToken (this=0x55c028) at ../tokensx.cxx:81
tmp = 406

Breakpoint 1, TokenSource::takeToken (this=0x55c028) at ../tokensx.cxx:81
tmp = 407

Breakpoint 1, TokenSource::takeToken (this=0x55c028) at ../tokensx.cxx:81
tmp = 408

Breakpoint 1, TokenSource::takeToken (this=0x55c028) at ../tokensx.cxx:81
tmp = 409

Breakpoint 1, TokenSource::takeToken (this=0x55c028) at ../tokensx.cxx:81
tmp = 393

Breakpoint 1, TokenSource::takeToken (this=0x55c028) at ../tokensx.cxx:81
tmp = 410

Breakpoint 1, TokenSource::takeToken (this=0x55c028) at ../tokensx.cxx:81
tmp = 410

Breakpoint 1, TokenSource::takeToken (this=0x55c028) at ../tokensx.cxx:81
tmp = 410

Breakpoint 1, TokenSource::takeToken (this=0x55c028) at ../tokensx.cxx:81
tmp = 410

Breakpoint 1, TokenSource::takeToken (this=0x55c028) at ../tokensx.cxx:81
tmp = 411

Breakpoint 1, TokenSource::takeToken (this=0x55c028) at ../tokensx.cxx:81
tmp = 412

Breakpoint 1, TokenSource::takeToken (this=0x55c028) at ../tokensx.cxx:81
tmp = 413

Breakpoint 1, TokenSource::takeToken (this=0x55c028) at ../tokensx.cxx:81
tmp = 414

Breakpoint 1, TokenSource::takeToken (this=0x55c028) at ../tokensx.cxx:81
tmp = 414

Breakpoint 1, TokenSource::takeToken (this=0x55c028) at ../tokensx.cxx:81
tmp = 415

Program received signal SIGBUS, Bus error.
0x726c0 in BranchDescription::installBranch (this=0x5704f8, branch=0x560c08)
    at ../branchx.cxx:182
(gdb) print *this
$274 = {<Abraham> = {<Heaper> = {<Tofu> = {
        _vptr$ = 0x386080 <TreeBranch virtual table>}, 
      static TheOopCounter = 441, myOop = 290}, myHash = 290, myToken = 348, 
    myInfo = {<CheckedPtrVar> = {value = 0x57052c}, }, 
    static TheTokenSource = {<GlobalStrongPtrVar> = {<BombSuperclass> = {
          bombArmed = 1, nextP = 0x385344, 
          _vptr$ = 0x36e6b0 <GP2_TokenSource virtual table>}, 
        value = 0x55c028}, }}, lastPosition = 4, myLeft = {<CheckedPtrVar> = {
      value = 0x5588d8}, }, myRight = {<CheckedPtrVar> = {
      value = 0x564d94}, }, fulltrace = {<CheckedPtrVar> = {
      value = 0x567818}, }}
(gdb) info break
Num Type           Disp Enb Address    What
1   breakpoint     keep y   0x001ba4c8 in TokenSource::takeToken(void)
                                       at ../tokensx.cxx:81
	breakpoint already hit 493 times
        info locals
        cont
2   breakpoint     keep y   0x00074568 in BranchDescriptionStub::migrate(void *, int) at ../sxx/branchx.sxx:194
	breakpoint already hit 271 times
        print this->myToken
        stop if this->myToken == 348
        cont
(gdb) 