Testing C Bombs
C_BOMB_SIZE   - getCBombSize()   = 0
C_SHIELD_SIZE - getCShieldSize() = 0

sub1(): Testing arming/firing sequence
About to do C_PLANT_BOMB() on integer bomb
About to do C_ARM_BOMB() on integer bomb
About to leave area of integer bomb
0, therefore: 42
About to do C_PLANT_BOMB()
About to do C_ARM_BOMB()
About to do C_ARM_BOMB()
BLAM!.
About to do C_DETONATE_BOMB()
BLAM!.
About to do C_DETONATE_BOMB()
About to do C_ARM_BOMB()
Leaving sub1()
BLAM!.

sub1a(): Testing the C_BLAST() macro
About to do C_INSTALL_LOUD_SHIELD()
Inside loud shield.

About to raise shield for FOO problems.
About to C_BLAST(FOO_ERROR)
Problem(FOO_ERROR, val = 1, file = cbombt.c, line = 183)
Caught it!  VAL = 1
About to do a C_BREAK_FROM_SHIELD

About to raise shield for FOO problems.
About to C_BLAST_FROM_THE_PASSED(FOO_ERROR,9,"F",999)
Problem(FOO_ERROR, val = 9, file = F, line = 999)
Caught it!  VAL = 9
About to do a C_BREAK_FROM_SHIELD

About to raise shield for FOO problems.
About to C_BLAST_WITH_VAL(FOO_ERROR,15)
Problem(FOO_ERROR, val = 15, file = cbombt.c, line = 208)
Caught it!  VAL = 15
Leaving sub1a()

sub2(): Testing BOMBs and smartbomb source detection.
About to do C_PLANT_BOMB() on smart bomb
About to do C_ARM_BOMB() on smart bomb
About to leave area of smart bomb
0, therefore: BLAM!.

About to do PLANT_BOMB() on smart bomb
About to do ARM_BOMB() on smart bomb
About to do DETONATE_BOMB() on smart bomb
3, therefore: BLAM!.

About to do ARM_BOMB() on smart bomb
About to rearm smart bomb
4, therefore: BLAM!.

About to do ARM_BOMB() on smart bomb
4, therefore: BLAM!.

About to do C_INSTALL_LOUD_SHIELD()
About to do C_SHIELD_UP()
About to do C_PLANT_BOMB() on second smart bomb
About to do C_ARM_BOMB() on second smart bomb
About to do C_INSTALL_LOUD_SHIELD()
About to do C_SHIELD_UP()
About to do C_PLANT_BOMB() on recursive bomb.
About to do C_ARM_BOMB() on recursive bomb.
About to do C_PLANT_BOMB() on third smart bomb
About to do C_ARM_BOMB() on third smart bomb
About to do C_PLANT_BOMB() on disarmer bomb
About to do C_ARM_BOMB() on disarmer bomb
About to do C_BLAST()
disarming.
1, therefore: Third bomb message.

recursive BLAM!.
About to do C_PLANT_BOMB()
About to do C_ARM_BOMB()
This is the recursive message.
1, therefore: Second bomb message.

Problem(FOO_ERROR, val = 1, file = cbombt.c, line = 340)
Caught it!  VAL = 1
problemName = FOO_ERROR, val = 1, fileName = cbombt.c, lineNumber = 340
0, therefore: First bomb message.

About to do C_SHIELD_UP(OUTER...)
About to do C_SHIELD_UP(INNER...)
About to do C_BLAST_WITH_VAL(FOO_ERROR, 9)
Problem(FOO_ERROR, val = 9, file = cbombt.c, line = 375)
Inner caught it!
About to do C_REBLAST
Problem(FOO_ERROR, val = 9, file = cbombt.c, line = 375)
Outer caught it!

sub4(): Testing disarm
About to do C_PLANT_BOMB()
About to do C_ARM_BOMB()
About to do C_DISARM_BOMB()
leaving sub4()

sub8(): Testing C_BOOBY_TRAP()()
About to do C_INSTALL_SHIELD_BEGIN(OUTER)
About to do C_SHIELD_UP(OUTER...)
About to do C_INSTALL_LOUD_SHIELD_BEGIN(C_BOOBY_TRAPPING)

About to do C_BOOBY_TRAP_BEGIN()
About to do C_BLAST(BLAP)
Problem(BLAP, val = 1, file = cbombt.c, line = 432)

About to do C_BOOBY_TRAP()
About to do C_BLAST(BLAP)
Problem(BLAP, val = 1, file = cbombt.c, line = 441)

About to do C_BOOBY_TRAP_BEGIN()
About to do C_BLAST(BLAP)
Problem(BLAP, val = 1, file = cbombt.c, line = 446)

About to do C_BOOBY_TRAP_BEGIN()
About to neglect to do a C_BLAST(BLAP)
Outer caught the boobytrap's warning!

Leaving sub8()
