sizeof(ABufHead) == 16
foo is 8 bytes @ 0x270c58 
three:3
0x270c58
0x2559f0
foo is 8 bytes @ 0x270c64 
three:3
0x270c64
0x2559f0
allocating
 size = 5  25f990
 size = 10  25f940
 size = 15  25f8e0
 size = 20  25f860
 size = 5  25f820
 size = 10  25f7d0
 size = 15  25f770
 size = 20  25f6f0
 size = 5  25f6b0
 size = 10  25f660
deleting
allocating again
 size = 5  25f990
 size = 10  25f940
 size = 15  25f8e0
 size = 20  25f860
 size = 5  25f820
 size = 10  25f7d0
 size = 15  25f770
 size = 20  25f6f0
 size = 5  25f6b0
 size = 10  25f660
