three:3
0x278c58
0x25a8c0

testIsKindOf(): Testing isKindOf
	All isKindOf tests succeeded

testCast(): Testing CAST()
About to cast a Bar to a Bar
About to cast a NULL to a Bar
About to cast a Bar to a Baz (should fail)
Exception: Bar(????) isn't a kind of Baz
It's actually a Bar
At file = ../tofut.cxx, line = 79
Caught UNSAFE_CAST
new 0x278c88
made 0x278c88
destroying 0x278c88
deleting 0x278c88
Caught I_IS_THREE in sub7
b == 0x0
new 0x278ca8
made 0x278ca8
destroying 0x278ca8
deleting 0x278ca8
Caught I_IS_THREE in sub8
b == 0x0

Beginning EALRY_DESTROY test.
Caught EALRY_DESTROY
