WorksInit done!
0x7fc840
0x7fcc80
0x7fd218
0x7fd658
0x7fdba0
0x7fe6e8
0x7feb64
0x7ff0f0
0x7ff614
0x7ffb38
0x7fff8c
0x800834
0x800c8c
0x801274
0x80185c
0x801e4c
Making Editions test finished

Testing various Edition operations
initially: 0x80228c
 coordinateSpace: 0x7643dc
 count: 0
 domain: 0x764414
 isEmpty: 1
 isFinite: 1
with(0): 0x802c60
 theOne: 0x802ccc
withAll: 0x8042cc
 domain: 0x804340
 isEmpty: 0
 isFinite: 0
stepper:
 0x80444c -> 0x80446c
 0x80447c -> 0x80449c
without 30x806004
withoutAll: 0x806dfc
 count: 2
 domain: 0x806e70
 isEmpty: 0
 isFinite: 1
 get 1: 0x806e98
combined: 0x80808c
replaced: 0x809e4c

CrossSpace retrieval test
Looking for dimension 1 >= 10
found 0xc92d80 at 0xc92d68
found 0xc93558 at 0xc93540
found 0xc93aac at 0xc93a94
found 0xc93eac at 0xc93e94
found 0xc945c0 at 0xc945a8
found 0xc94f94 at 0xc94f7c
found 0xc95394 at 0xc9537c
found 0xc95880 at 0xc95868
found 0xc95fd0 at 0xc95fb8
found 0xc963fc at 0xc963e4
Looking for dimension 2 >= 10
found 0xc9da84 at 0xc9da6c
found 0xc9e14c at 0xc9e134
found 0xc9e6a0 at 0xc9e688
found 0xc9eaa0 at 0xc9ea88
found 0xc9f0a4 at 0xc9f08c
found 0xc9fb88 at 0xc9fb70
found 0xca0240 at 0xca0228
found 0xca07c4 at 0xca07ac
found 0xca0d48 at 0xca0d30
found 0xca12cc at 0xca12b4
found 0xca1af8 at 0xca1ae0
found 0xca1ef8 at 0xca1ee0
found 0xca24f4 at 0xca24dc
found 0xca29e0 at 0xca29c8
found 0xca37f0 at 0xca37d8
found 0xca3d44 at 0xca3d2c
found 0xca440c at 0xca43f4
found 0xca4990 at 0xca4978
found 0xca4f14 at 0xca4efc
found 0xca5740 at 0xca5728
found 0xca5b40 at 0xca5b28
found 0xca613c at 0xca6124
found 0xca6654 at 0xca663c
found 0xca70d8 at 0xca70c0
found 0xca7960 at 0xca7948
Looking for dimension 3 >= 10
found 0xcb0bf8 at 0xcb0be0
a sharedWith b: 0xcb71c0
a notSharedWith b: 0xcb7cc0
a sharedRegion b: 0xcb7efc
a mapSharedTo b: 0xcb8934
a sharedRegion b copy [120,130): 0xcbadd8
a keysOf a[50]: 0xcbae3c
b sharedWith a: 0xcbe28c
b notSharedWith a: 0xcbf3bc
b mapSharedTo a: 0xcc084c
b sharedRegion a: 0xcc109c
b sharedRegion a copy [20,30): 0xcc2b58
b positionsOf a[50]: 0xcc362c
region = 0xcc6b64
Global ID assignment test successful

As newly created [0xcca95c (grabbed)]
Work 1 released

With authority restored[0xcca9ec]
Work 1 canRevise (0x7fc344)

Grabbed[0xccaa10 (grabbed)]
Grabbed again[0xccc8a4 (grabbed)]
Grab requested again[0xccc8f4 (grabbed)]
Work 1 released

Released[0xccc918]
Grab requested yet again[]
Work 1 canRevise (0x7fc344)

KeyMaster incorporated[0xcce964 (grabbed)]
Work 1 released

KeyMaster login removed[0xcced08]Initial endorsements:
  on Edition: 0x76aad4
  on Work: 0x76aad4

After endorsing:
  on Edition: 0xccfe24
  on Work: 0xcd1020
After unendorsing:
  on Edition: 0xcd2c3c
  on Work: 0xcd3940
The trail is: 0xcdd3bc
0xcdd4dc->0xcdd90c
0xcdd924->0xcddd54
0xcddd6c->0xcde19c

Initially 
sponsored by Test: 0xceec10
sponsored by new: 0xcef30c
work 1 sponsors: 0xce7058
work 2 sponsors: 0xce7b94
After sponsoring 
sponsored by Test: 0xcf5498
sponsored by new: 0xcf5d00
work 1 sponsors: 0xce7058
work 2 sponsors: 0xcef8a4
After unsponsoring 
sponsored by Test: 0xcfa86c
sponsored by new: 0xcfae58
work 1 sponsors: 0xcf60a4
work 2 sponsors: 0xcf6468
Club1 0xd02030 is initially 0xd02468
and CurrentKeyMaster is 0x7fbfe0

Logged in as 0xd03e14Club 2 0xd0ee14 is initially 0xd0f24c
and CurrentKeyMaster is 0x7fbfe0

Giving Work 1 edit authority to Club 1
Giving Work 2 edit authority to Club 2

Work 1 canRevise (0x7fc344)
Club 1 should now have Test as a member: 0xd186b4
So CurrentKeyMaster should have Club 1 authority: 0xd17480
and Work 1 should have become grabbed: 1


Work 2 canRevise (0x7fc344)
Club 2 should now have Club 1 as a member: 0xd1f848
So CurrentKeyMaster should have Club 2 authority: 0xd1ee14
and Work 2 should have become grabbed: 1

Club 2 should have Public but not Club 1 as a member: 0xd29994
So CurrentKeyMaster should retain Club 2 authority: 0xd28f60
and Work 2 should remain grabbed: 1


Work 2 released
The combined KeyMaster should have lost Public & Club 2 authority:  login 0xd29bb8
 actual 0xd29d14
and Work 2 should have become released but readable: canRevise 0 canRead 1


Work 1 released
Club 1 should no longer have Test as a member: 0xd31794
So CurrentKeyMaster should not have Club 1 authority: 0xd30750
and Work 1 should have become released and unreadable: canRevise 0 canRead 0



Transclusions test

Transcluded by 0xd44d64
Transcluded by 0xd451cc
Transcluded by 0xd4af64
Transcluded by 0xd51dbc
Transcluded by 0xd5c3a8
Transcluded by 0xd63534
Transcluded by 0xd7375c
Transcluded by 0xd78cf4
Transcluded by 0xd96e44
Transcluded by 0xd9bb20
Transcluded by 0xda5634
Transcluded by 0xdaa5f8
Transcluded by 0xdb4de0
Transcluded by 0xdba038


Transcluders bug test

Should not have been transcluded by 0xdc5010
Club: 0xdd0860 owned by: 0x770430
Work: 0xdd1bac owned by: 0x7fc344
Set owners of: 0xdd2d8c
result: 0xdd4458
Club: 0xdd0860 owned by: 0x770430
Work: 0xdd1bac owned by: 0x770448

Labels:
 0xdd4b54 0xdd513c 0xdd5724 0xdd5d0c
labelled e1: 0xdd8aac
edit e1: 0xddc03c
labelled e2: 0xdddc58
rebind e2: 0xdddcf8
duplicate e1: 0xde13e8

Test done!
0xde3a58
0xde3e98
0xde46a8
0xde4ae8
0xde5030
0xde5b78
0xde5ff4
0xde6470
0xde6994
0xde6fc8
0xde741c
0xde7a78
0xde7ed0
0xde8700
0xde8ce8
0xde92d8
Making Editions test finished

Testing various Edition operations
initially: 0xde9718
 coordinateSpace: 0x7643dc
 count: 0
 domain: 0x764414
 isEmpty: 1
 isFinite: 1
with(0): 0xdea0ec
 theOne: 0xdea158
withAll: 0xdeb610
 domain: 0xdeb684
 isEmpty: 0
 isFinite: 0
stepper:
 0xdeb790 -> 0xdeb7b0
 0xdeb7c0 -> 0xdeb7e0
without 30xded47c
withoutAll: 0xdee164
 count: 2
 domain: 0xdee1d8
 isEmpty: 0
 isFinite: 1
 get 1: 0xdee200
combined: 0xdef4c8
replaced: 0xdf12b4

CrossSpace retrieval test
Looking for dimension 1 >= 10
found 0xe755d8 at 0xe755c0
found 0xe75c70 at 0xe75c58
found 0xe762d4 at 0xe762bc
found 0xe766d4 at 0xe766bc
found 0xe76cac at 0xe76c94
found 0xe77680 at 0xe77668
found 0xe77b90 at 0xe77b78
found 0xe781c4 at 0xe781ac
found 0xe78804 at 0xe787ec
found 0xe78c30 at 0xe78c18
Looking for dimension 2 >= 10
found 0xe7c390 at 0xe7c378
found 0xe7ca28 at 0xe7ca10
found 0xe7cf7c at 0xe7cf64
found 0xe7d37c at 0xe7d364
found 0xe7d980 at 0xe7d968
found 0xe7e5e8 at 0xe7e5d0
found 0xe7ebc8 at 0xe7ebb0
found 0xe7f14c at 0xe7f134
found 0xe7facc at 0xe7fab4
found 0xe7ffdc at 0xe7ffc4
found 0xe805fc at 0xe805e4
found 0xe80b18 at 0xe80b00
found 0xe814d0 at 0xe814b8
found 0xe818d0 at 0xe818b8
found 0xe81ecc at 0xe81eb4
found 0xe8250c at 0xe824f4
found 0xe8290c at 0xe828f4
found 0xe836c8 at 0xe836b0
found 0xe83c4c at 0xe83c34
found 0xe84868 at 0xe84850
found 0xe84c94 at 0xe84c7c
found 0xe851ac at 0xe85194
found 0xe85698 at 0xe85680
found 0xe85d94 at 0xe85d7c
found 0xe868a0 at 0xe86888
found 0xe86ca0 at 0xe86c88
found 0xe8718c at 0xe87174
found 0xe877b4 at 0xe8779c
found 0xe8c17c at 0xe8c164
found 0xe8c57c at 0xe8c564
found 0xe8ca68 at 0xe8ca50
found 0xe8dbe8 at 0xe8dbd0
found 0xe8e19c at 0xe8e184
found 0xe8e720 at 0xe8e708
found 0xe8f0a0 at 0xe8f088
found 0xe8f5b0 at 0xe8f598
found 0xe8fac8 at 0xe8fab0
found 0xe8ffe4 at 0xe8ffcc
found 0xe90adc at 0xe90ac4
found 0xe90edc at 0xe90ec4
found 0xe913c8 at 0xe913b0
found 0xe91a08 at 0xe919f0
found 0xe91f44 at 0xe91f2c
found 0xe92a6c at 0xe92a54
found 0xe93494 at 0xe9347c
Looking for dimension 3 >= 10
found 0xe9f9e8 at 0xe9f9d0
a sharedWith b: 0xea6214
a notSharedWith b: 0xea6d14
a sharedRegion b: 0xea6f50
a mapSharedTo b: 0xea7944
a sharedRegion b copy [120,130): 0xea9df0
a keysOf a[50]: 0xea9e54
b sharedWith a: 0xead3b0
b notSharedWith a: 0xeae4e0
b mapSharedTo a: 0xeaf830
b sharedRegion a: 0xeb00b4
b sharedRegion a copy [20,30): 0xeb1c80
b positionsOf a[50]: 0xeb2754
region = 0xeb552c
Global ID assignment test successful

As newly created [0xeb9328 (grabbed)]
Work 1 released

With authority restored[0xeb93b8]
Work 1 canRevise (0xde366c)

Grabbed[0xeb93dc (grabbed)]
Grabbed again[0xebaff8 (grabbed)]
Grab requested again[0xebb048 (grabbed)]
Work 1 released

Released[0xebb06c]
Grab requested yet again[]
Work 1 canRevise (0xde366c)

KeyMaster incorporated[0xebd2a4 (grabbed)]
Work 1 released

KeyMaster login removed[0xebd648]Initial endorsements:
  on Edition: 0x76aad4
  on Work: 0x76aad4

After endorsing:
  on Edition: 0xebe874
  on Work: 0xebefb0
After unendorsing:
  on Edition: 0xec0d04
  on Work: 0xec18f8
The trail is: 0xecb354
0xecb474->0xecb8a4
0xecb8bc->0xecbcec
0xecbd04->0xecc26c

Initially 
sponsored by Test: 0xee8758
sponsored by new: 0xee8e54
work 1 sponsors: 0xed5258
work 2 sponsors: 0xed5d94
After sponsoring 
sponsored by Test: 0xef921c
sponsored by new: 0xef9a84
work 1 sponsors: 0xed5258
work 2 sponsors: 0xee941c
After unsponsoring 
sponsored by Test: 0xf08a4c
sponsored by new: 0xf09148
work 1 sponsors: 0xef9e28
work 2 sponsors: 0xefa1ec
Club1 0xf1024c is initially 0xf10684
and CurrentKeyMaster is 0xde346c

Logged in as 0xf12030Club 2 0xf1913c is initially 0xf19574
and CurrentKeyMaster is 0xde346c

Giving Work 1 edit authority to Club 1
Giving Work 2 edit authority to Club 2

Work 1 canRevise (0xde366c)
Club 1 should now have Test as a member: 0xf23ed4
So CurrentKeyMaster should have Club 1 authority: 0xf21eb0
and Work 1 should have become grabbed: 1


Work 2 canRevise (0xde366c)
Club 2 should now have Club 1 as a member: 0xf2c87c
So CurrentKeyMaster should have Club 2 authority: 0xf2aeec
and Work 2 should have become grabbed: 1

Club 2 should have Public but not Club 1 as a member: 0xf396c4
So CurrentKeyMaster should retain Club 2 authority: 0xf37d30
and Work 2 should remain grabbed: 1


Work 2 released
The combined KeyMaster should have lost Public & Club 2 authority:  login 0xf398e8
 actual 0xf39a44
and Work 2 should have become released but readable: canRevise 0 canRead 1


Work 1 released
Club 1 should no longer have Test as a member: 0xf42b8c
So CurrentKeyMaster should not have Club 1 authority: 0xf40c14
and Work 1 should have become released and unreadable: canRevise 0 canRead 0



Transclusions test

Transcluded by 0xf56a1c
Transcluded by 0xf56f94
Transcluded by 0xf5cb64
Transcluded by 0xf62dd4
Transcluded by 0xf6d7cc
Transcluded by 0xf73c24
Transcluded by 0xf83ed4
Transcluded by 0xf89334
Transcluded by 0xfa339c
Transcluded by 0xfa8218
Transcluded by 0xfb29f0
Transcluded by 0xfb8394
Transcluded by 0xfc33a0
Transcluded by 0xfc84f0


Transcluders bug test

Should not have been transcluded by 0xfd32dc
Club: 0xfdf6c0 owned by: 0x770430
Work: 0xfe0b20 owned by: 0xde366c
Set owners of: 0xfe1bf0
result: 0xfe32b8
Club: 0xfdf6c0 owned by: 0x770430
Work: 0xfe0b20 owned by: 0x770448

Labels:
 0xfe38a4 0xfe3e8c 0xfe45a8 0xfe4ca0
labelled e1: 0xfe77fc
edit e1: 0xfeae8c
labelled e2: 0xfecad8
rebind e2: 0xfecc88
duplicate e1: 0xff0398

Test done!
0xff2a34
0xff2e74
0xff340c
0xff384c
0xff3d94
0xff4b24
0xff4fa0
0xff541c
0xff5940
0xff5e64
0xff62b8
0xff6914
0xff6e7c
0xff7464
0xff7a4c
0xff806c
Making Editions test finished

Testing various Edition operations
initially: 0xff86cc
 coordinateSpace: 0x7643dc
 count: 0
 domain: 0x764414
 isEmpty: 1
 isFinite: 1
with(0): 0xff90a0
 theOne: 0xff910c
withAll: 0xffa4b4
 domain: 0xffa528
 isEmpty: 0
 isFinite: 0
stepper:
 0xffa634 -> 0xffa654
 0xffa664 -> 0xffa684
without 30xffc324
withoutAll: 0xffd11c
 count: 2
 domain: 0xffd190
 isEmpty: 0
 isFinite: 1
 get 1: 0xffd1b8
combined: 0xffe370
replaced: 0x1000048

CrossSpace retrieval test
Looking for dimension 1 >= 10
found 0x1032fec at 0x1032fd4
found 0x1033590 at 0x1033578
found 0x1033b14 at 0x1033afc
found 0x1033f14 at 0x1033efc
Looking for dimension 2 >= 10
found 0x104237c at 0x1042364
found 0x1042920 at 0x1042908
found 0x1042ea4 at 0x1042e8c
found 0x10432a4 at 0x104328c
found 0x1043bfc at 0x1043be4
found 0x10442b8 at 0x10442a0
found 0x104480c at 0x10447f4
found 0x1044d60 at 0x1044d48
found 0x10452b4 at 0x104529c
found 0x1045808 at 0x10457f0
found 0x1046144 at 0x104612c
found 0x1046574 at 0x104655c
found 0x1046a60 at 0x1046a48
found 0x10471f4 at 0x10471dc
found 0x1047778 at 0x1047760
found 0x1047cb8 at 0x1047ca0
found 0x10483c4 at 0x10483ac
Looking for dimension 3 >= 10
found 0x104feb0 at 0x104fe98
a sharedWith b: 0x105a4cc
a notSharedWith b: 0x105afcc
a sharedRegion b: 0x105b208
a mapSharedTo b: 0x105bbfc
a sharedRegion b copy [120,130): 0x105e0a8
a keysOf a[50]: 0x105e10c
b sharedWith a: 0x106166c
b notSharedWith a: 0x106279c
b mapSharedTo a: 0x1063aec
b sharedRegion a: 0x1064370
b sharedRegion a copy [20,30): 0x1065f3c
b positionsOf a[50]: 0x1066a10
region = 0x10697b0
Global ID assignment test successful

As newly created [0x106d5ac (grabbed)]
Work 1 released

With authority restored[0x106d63c]
Work 1 canRevise (0xff2648)

Grabbed[0x106d660 (grabbed)]
Grabbed again[0x106f224 (grabbed)]
Grab requested again[0x106f274 (grabbed)]
Work 1 released

Released[0x106f298]
Grab requested yet again[]
Work 1 canRevise (0xff2648)

KeyMaster incorporated[0x107539c (grabbed)]
Work 1 released

KeyMaster login removed[0x1075740]Initial endorsements:
  on Edition: 0x76aad4
  on Work: 0x76aad4

After endorsing:
  on Edition: 0x107696c
  on Work: 0x10770a8
After unendorsing:
  on Edition: 0x1078df8
  on Work: 0x10799ec
The trail is: 0x1083484
0x10835a4->0x10839d4
0x10839ec->0x1083e1c
0x1083e34->0x108439c

Initially 
sponsored by Test: 0x10b11cc
sponsored by new: 0x10b17b8
work 1 sponsors: 0x108d3c8
work 2 sponsors: 0x108df04
After sponsoring 
sponsored by Test: 0x10cc714
sponsored by new: 0x10cd08c
work 1 sponsors: 0x108d3c8
work 2 sponsors: 0x10b1d80
After unsponsoring 
sponsored by Test: 0x10e6dc8
sponsored by new: 0x10e74c4
work 1 sponsors: 0x10cd430
work 2 sponsors: 0x10cd7f4
Club1 0x10ee5a4 is initially 0x10ee9dc
and CurrentKeyMaster is 0xff241c

Logged in as 0x10f04d0Club 2 0x10f73c4 is initially 0x10f77fc
and CurrentKeyMaster is 0xff241c

Giving Work 1 edit authority to Club 1
Giving Work 2 edit authority to Club 2

Work 1 canRevise (0xff2648)
Club 1 should now have Test as a member: 0x11039cc
So CurrentKeyMaster should have Club 1 authority: 0x1102548
and Work 1 should have become grabbed: 1


Work 2 canRevise (0xff2648)
Club 2 should now have Club 1 as a member: 0x110d920
So CurrentKeyMaster should have Club 2 authority: 0x110cc68
and Work 2 should have become grabbed: 1

Club 2 should have Public but not Club 1 as a member: 0x111d4c4
So CurrentKeyMaster should retain Club 2 authority: 0x111c80c
and Work 2 should remain grabbed: 1


Work 2 released
The combined KeyMaster should have lost Public & Club 2 authority:  login 0x111d6e8
 actual 0x111d844
and Work 2 should have become released but readable: canRevise 0 canRead 1


Work 1 released
Club 1 should no longer have Test as a member: 0x1127f58
So CurrentKeyMaster should not have Club 1 authority: 0x1126c90
and Work 1 should have become released and unreadable: canRevise 0 canRead 0



Transclusions test

Transcluded by 0x113b3f0
Transcluded by 0x113b858
Transcluded by 0x11415f4
Transcluded by 0x1148458
Transcluded by 0x1152fb8
Transcluded by 0x1159f8c
Transcluded by 0x1169c78
Transcluded by 0x116ee58
Transcluded by 0x1184b9c
Transcluded by 0x118a3f0
Transcluded by 0x1198374
Transcluded by 0x119d460
Transcluded by 0x11a7e78
Transcluded by 0x11ad9d0


Transcluders bug test

Should not have been transcluded by 0x11b8ff4
Club: 0x11c4d80 owned by: 0x770430
Work: 0x11c60a0 owned by: 0xff2648
Set owners of: 0x11c72b4
result: 0x11c89d4
Club: 0x11c4d80 owned by: 0x770430
Work: 0x11c60a0 owned by: 0x770448

Labels:
 0x11c90d0 0x11c96b8 0x11c9ca0 0x11ca288
labelled e1: 0x11cd03c
edit e1: 0x11d07e0
labelled e2: 0x11d21dc
rebind e2: 0x11d227c
duplicate e1: 0x11d5ac8

Test done!
