
sbrk returned unaligned memory: 760

sbrk returned aligned memory: 3072

sbrk returned unaligned memory: 992
Running all Bibop tests.
Test 1

 making a few objects
sbrk returned aligned memory: 3072

sbrk returned aligned memory: 3072

sbrk returned aligned memory: 3072

 the heap currently contains: 
A TwentyFive: 6
A Thirteen: 5
A Six: 4
A Three: 3, 3, 3
A Two: 2, 2
A zero
A One: 1

 and nothing else. 

 the heap should now be empty:    . 

 making some more objects
 The heap should be interesting: 
A TwentyFive: 37
A TwentyFive: 20
A TwentyFive: 21
A TwentyFive: 38
A TwentyFive: 39
A Thirteen: 34
A Thirteen: 18
A Thirteen: 35
A Thirteen: 36
A Six: 9
A Six: 32
A Six: 16
A Six: 33
A Three: 12, 12, 12
A Three: 13, 13, 13
A Three: 29, 29, 29
A Three: 30, 30, 30
A Three: 31, 31, 31
A Two: 10, 10
A Two: 27, 27
A Two: 28, 28
A zero
A zero
A zero
A One: 24
A One: 25
A One: 26
 end of round 2. 

 making a lot of objects
sbrk returned aligned memory: 3072

sbrk returned aligned memory: 3072

sbrk returned aligned memory: 3072

sbrk returned aligned memory: 3072

sbrk returned aligned memory: 3072

sbrk returned aligned memory: 3072

sbrk returned aligned memory: 3072

sbrk returned aligned memory: 3072

sbrk returned aligned memory: 3072

sbrk returned aligned memory: 3072

 The heap should be interesting: 
A Six: 655
A Six: 662
A Six: 669
A Six: 676
A Six: 683
A Six: 690
A Six: 697
A Two: 611, 611
A Two: 618, 618
A Two: 625, 625
A Two: 632, 632
A Two: 639, 639
A Two: 646, 646
A Two: 653, 653
A Two: 660, 660
A Two: 667, 667
A Two: 674, 674
A Two: 681, 681
A Two: 688, 688
A Two: 695, 695
A Thirteen: 593
A Thirteen: 600
A Thirteen: 607
A Thirteen: 614
A Thirteen: 621
A Thirteen: 628
A Thirteen: 635
A Thirteen: 642
A Thirteen: 649
A Thirteen: 656
A Thirteen: 663
A Thirteen: 670
A Thirteen: 677
A Thirteen: 684
A Thirteen: 691
A Thirteen: 698
A Three: 493, 493, 493
A Three: 500, 500, 500
A Three: 507, 507, 507
A Three: 514, 514, 514
A Three: 521, 521, 521
A Three: 528, 528, 528
A Three: 535, 535, 535
A Three: 542, 542, 542
A Three: 549, 549, 549
A Three: 556, 556, 556
A Three: 563, 563, 563
A Three: 570, 570, 570
A Three: 577, 577, 577
A Three: 584, 584, 584
A Three: 591, 591, 591
A Three: 598, 598, 598
A Three: 605, 605, 605
A Three: 612, 612, 612
A Three: 619, 619, 619
A Three: 626, 626, 626
A Three: 633, 633, 633
A Three: 640, 640, 640
A Three: 647, 647, 647
A Three: 654, 654, 654
A Three: 661, 661, 661
A Three: 668, 668, 668
A Three: 675, 675, 675
A Three: 682, 682, 682
A Three: 689, 689, 689
A Three: 696, 696, 696
A Six: 438
A Six: 445
A Six: 452
A Six: 459
A Six: 466
A Six: 473
A Six: 480
A Six: 487
A Six: 494
A Six: 501
A Six: 508
A Six: 515
A Six: 522
A Six: 529
A Six: 536
A Six: 543
A Six: 550
A Six: 557
A Six: 564
A Six: 571
A Six: 578
A Six: 585
A Six: 592
A Six: 599
A Six: 606
A Six: 613
A Six: 620
A Six: 627
A Six: 634
A Six: 641
A Six: 648
A Thirteen: 341
A Thirteen: 348
A Thirteen: 495
A Thirteen: 502
A Thirteen: 509
A Thirteen: 516
A Thirteen: 523
A Thirteen: 530
A Thirteen: 537
A Thirteen: 544
A Thirteen: 551
A Thirteen: 558
A Thirteen: 565
A Thirteen: 572
A Thirteen: 579
A Thirteen: 586
A TwentyFive: 384
A TwentyFive: 377
A TwentyFive: 370
A TwentyFive: 363
A TwentyFive: 356
A zero
A One: 547
A One: 372
A zero
A zero
A One: 540
A One: 365
A zero
A zero
A One: 533
A One: 358
A zero
A zero
A One: 526
A One: 351
A zero
A zero
A One: 610
A zero
A One: 617
A zero
A One: 624
A zero
A One: 631
A zero
A One: 638
A zero
A One: 645
A zero
A One: 652
A zero
A One: 659
A zero
A One: 666
A zero
A One: 673
A zero
A One: 680
A zero
A One: 687
A zero
A One: 694
A TwentyFive: 447
A TwentyFive: 440
A TwentyFive: 433
A TwentyFive: 426
A TwentyFive: 419
A TwentyFive: 412
A TwentyFive: 405
A TwentyFive: 398
A TwentyFive: 391
A Thirteen: 376
A Thirteen: 236
A Thirteen: 369
A Thirteen: 250
A Thirteen: 362
A Thirteen: 264
A Thirteen: 355
A Thirteen: 278
A Thirteen: 285
A Thirteen: 292
A Thirteen: 299
A Thirteen: 306
A Thirteen: 313
A Thirteen: 320
A Thirteen: 327
A Thirteen: 334
A Six: 221
A Six: 228
A Six: 235
A Six: 242
A Six: 249
A Six: 256
A Six: 263
A Six: 270
A Six: 277
A Six: 284
A Six: 291
A Six: 298
A Six: 305
A Six: 312
A Six: 319
A Six: 326
A Six: 333
A Six: 340
A Six: 347
A Six: 354
A Six: 361
A Six: 368
A Six: 375
A Six: 382
A Six: 389
A Six: 396
A Six: 403
A Six: 410
A Six: 417
A Six: 424
A Six: 431
A TwentyFive: 510
A TwentyFive: 503
A TwentyFive: 496
A TwentyFive: 489
A TwentyFive: 482
A TwentyFive: 475
A TwentyFive: 468
A TwentyFive: 461
A TwentyFive: 454
A TwentyFive: 573
A TwentyFive: 566
A TwentyFive: 559
A TwentyFive: 552
A TwentyFive: 545
A TwentyFive: 538
A TwentyFive: 531
A TwentyFive: 524
A TwentyFive: 517
A Thirteen: 432
A Thirteen: 124
A Thirteen: 425
A Thirteen: 138
A Thirteen: 418
A Thirteen: 152
A Thirteen: 411
A Thirteen: 166
A Thirteen: 404
A Thirteen: 180
A Thirteen: 397
A Thirteen: 194
A Thirteen: 390
A Thirteen: 208
A Thirteen: 383
A Thirteen: 222
A TwentyFive: 636
A TwentyFive: 629
A TwentyFive: 622
A TwentyFive: 615
A TwentyFive: 608
A TwentyFive: 601
A TwentyFive: 594
A TwentyFive: 587
A TwentyFive: 580
A TwentyFive: 699
A TwentyFive: 692
A TwentyFive: 685
A TwentyFive: 678
A TwentyFive: 671
A TwentyFive: 664
A TwentyFive: 657
A TwentyFive: 650
A TwentyFive: 643
A Thirteen: 488
A Thirteen: 12
A Thirteen: 481
A Thirteen: 26
A Thirteen: 474
A Thirteen: 40
A Thirteen: 467
A Thirteen: 54
A Thirteen: 460
A Thirteen: 68
A Thirteen: 453
A Thirteen: 82
A Thirteen: 446
A Thirteen: 96
A Thirteen: 439
A Thirteen: 110
A Six: 4
A Six: 11
A Six: 18
A Six: 25
A Six: 32
A Six: 39
A Six: 46
A Six: 53
A Six: 60
A Six: 67
A Six: 74
A Six: 81
A Six: 88
A Six: 95
A Six: 102
A Six: 109
A Six: 116
A Six: 123
A Six: 130
A Six: 137
A Six: 144
A Six: 151
A Six: 158
A Six: 165
A Six: 172
A Six: 179
A Six: 186
A Six: 193
A Six: 200
A Six: 207
A Six: 214
A Three: 486, 486, 486
A Three: 10, 10, 10
A Three: 479, 479, 479
A Three: 24, 24, 24
A Three: 472, 472, 472
A Three: 38, 38, 38
A Three: 465, 465, 465
A Three: 52, 52, 52
A Three: 458, 458, 458
A Three: 66, 66, 66
A Three: 451, 451, 451
A Three: 80, 80, 80
A Three: 444, 444, 444
A Three: 94, 94, 94
A Three: 437, 437, 437
A Three: 108, 108, 108
A Three: 430, 430, 430
A Three: 122, 122, 122
A Three: 423, 423, 423
A Three: 136, 136, 136
A Three: 416, 416, 416
A Three: 150, 150, 150
A Three: 409, 409, 409
A Three: 164, 164, 164
A Three: 402, 402, 402
A Three: 178, 178, 178
A Three: 395, 395, 395
A Three: 192, 192, 192
A Three: 388, 388, 388
A Three: 206, 206, 206
A Three: 381, 381, 381
A Three: 220, 220, 220
A Three: 374, 374, 374
A Three: 234, 234, 234
A Three: 367, 367, 367
A Three: 248, 248, 248
A Three: 360, 360, 360
A Three: 262, 262, 262
A Three: 353, 353, 353
A Three: 276, 276, 276
A Three: 283, 283, 283
A Three: 290, 290, 290
A Three: 297, 297, 297
A Three: 304, 304, 304
A Three: 311, 311, 311
A Three: 318, 318, 318
A Three: 325, 325, 325
A Three: 332, 332, 332
A Three: 339, 339, 339
A Three: 346, 346, 346
A Two: 2, 2
A Two: 9, 9
A Two: 16, 16
A Two: 23, 23
A Two: 30, 30
A Two: 37, 37
A Two: 44, 44
A Two: 51, 51
A Two: 58, 58
A Two: 65, 65
A Two: 72, 72
A Two: 79, 79
A Two: 86, 86
A Two: 93, 93
A Two: 100, 100
A Two: 107, 107
A Two: 114, 114
A Two: 121, 121
A Two: 128, 128
A Two: 135, 135
A Two: 142, 142
A Two: 149, 149
A Two: 156, 156
A Two: 163, 163
A Two: 170, 170
A Two: 520, 520
A Two: 513, 513
A Two: 506, 506
A Two: 499, 499
A Two: 492, 492
A Two: 485, 485
A Two: 478, 478
A Two: 471, 471
A Two: 464, 464
A Two: 457, 457
A Two: 450, 450
A Two: 443, 443
A Two: 436, 436
A Two: 429, 429
A Two: 422, 422
A Two: 415, 415
A Two: 408, 408
A Two: 401, 401
A Two: 394, 394
A Two: 387, 387
A Two: 380, 380
A Two: 373, 373
A Two: 366, 366
A Two: 359, 359
A Two: 352, 352
A Two: 527, 527
A Two: 534, 534
A Two: 541, 541
A Two: 548, 548
A Two: 555, 555
A Two: 562, 562
A Two: 569, 569
A Two: 576, 576
A Two: 583, 583
A Two: 590, 590
A Two: 597, 597
A Two: 604, 604
A zero
A One: 519
A zero
A zero
A zero
A One: 512
A zero
A zero
A zero
A One: 505
A zero
A zero
A zero
A One: 498
A zero
A zero
A zero
A One: 491
A zero
A zero
A zero
A One: 484
A zero
A zero
A zero
A One: 477
A zero
A zero
A zero
A One: 470
A zero
A zero
A zero
A One: 463
A zero
A zero
A zero
A One: 456
A zero
A zero
A zero
A One: 449
A zero
A zero
A zero
A One: 442
A zero
A zero
A zero
A One: 435
A zero
A zero
A One: 603
A One: 428
A zero
A zero
A One: 596
A One: 421
A zero
A zero
A One: 589
A One: 414
A zero
A zero
A One: 582
A One: 407
A zero
A zero
A One: 575
A One: 400
A zero
A zero
A One: 568
A One: 393
A zero
A zero
A One: 561
A One: 386
A zero
A zero
A One: 554
A One: 379
A zero

destruct the heap, next test should see if the pages get re-used.

reuse the heap, what happens?  (expect no sbrk() calls.)

 The heap should be interesting: 
A TwentyFive: 258
A TwentyFive: 265
A TwentyFive: 272
A TwentyFive: 279
A Thirteen: 229
A Thirteen: 236
A Thirteen: 243
A Thirteen: 250
A Thirteen: 257
A Thirteen: 264
A Thirteen: 271
A Thirteen: 278
A Six: 221
A Six: 228
A Six: 235
A Six: 242
A Six: 249
A Six: 256
A Six: 263
A Six: 270
A Six: 277
A TwentyFive: 195
A TwentyFive: 202
A TwentyFive: 209
A TwentyFive: 216
A TwentyFive: 223
A TwentyFive: 230
A TwentyFive: 237
A TwentyFive: 244
A TwentyFive: 251
A TwentyFive: 132
A TwentyFive: 139
A TwentyFive: 146
A TwentyFive: 153
A TwentyFive: 160
A TwentyFive: 167
A TwentyFive: 174
A TwentyFive: 181
A TwentyFive: 188
A Thirteen: 117
A Thirteen: 124
A Thirteen: 131
A Thirteen: 138
A Thirteen: 145
A Thirteen: 152
A Thirteen: 159
A Thirteen: 166
A Thirteen: 173
A Thirteen: 180
A Thirteen: 187
A Thirteen: 194
A Thirteen: 201
A Thirteen: 208
A Thirteen: 215
A Thirteen: 222
A TwentyFive: 69
A TwentyFive: 76
A TwentyFive: 83
A TwentyFive: 90
A TwentyFive: 97
A TwentyFive: 104
A TwentyFive: 111
A TwentyFive: 118
A TwentyFive: 125
A TwentyFive: 6
A TwentyFive: 13
A TwentyFive: 20
A TwentyFive: 27
A TwentyFive: 34
A TwentyFive: 41
A TwentyFive: 48
A TwentyFive: 55
A TwentyFive: 62
A Thirteen: 5
A Thirteen: 12
A Thirteen: 19
A Thirteen: 26
A Thirteen: 33
A Thirteen: 40
A Thirteen: 47
A Thirteen: 54
A Thirteen: 61
A Thirteen: 68
A Thirteen: 75
A Thirteen: 82
A Thirteen: 89
A Thirteen: 96
A Thirteen: 103
A Thirteen: 110
A Six: 4
A Six: 11
A Six: 18
A Six: 25
A Six: 32
A Six: 39
A Six: 46
A Six: 53
A Six: 60
A Six: 67
A Six: 74
A Six: 81
A Six: 88
A Six: 95
A Six: 102
A Six: 109
A Six: 116
A Six: 123
A Six: 130
A Six: 137
A Six: 144
A Six: 151
A Six: 158
A Six: 165
A Six: 172
A Six: 179
A Six: 186
A Six: 193
A Six: 200
A Six: 207
A Six: 214
A Three: 3, 3, 3
A Three: 10, 10, 10
A Three: 17, 17, 17
A Three: 24, 24, 24
A Three: 31, 31, 31
A Three: 38, 38, 38
A Three: 45, 45, 45
A Three: 52, 52, 52
A Three: 59, 59, 59
A Three: 66, 66, 66
A Three: 73, 73, 73
A Three: 80, 80, 80
A Three: 87, 87, 87
A Three: 94, 94, 94
A Three: 101, 101, 101
A Three: 108, 108, 108
A Three: 115, 115, 115
A Three: 122, 122, 122
A Three: 129, 129, 129
A Three: 136, 136, 136
A Three: 143, 143, 143
A Three: 150, 150, 150
A Three: 157, 157, 157
A Three: 164, 164, 164
A Three: 171, 171, 171
A Three: 178, 178, 178
A Three: 185, 185, 185
A Three: 192, 192, 192
A Three: 199, 199, 199
A Three: 206, 206, 206
A Three: 213, 213, 213
A Three: 220, 220, 220
A Three: 227, 227, 227
A Three: 234, 234, 234
A Three: 241, 241, 241
A Three: 248, 248, 248
A Three: 255, 255, 255
A Three: 262, 262, 262
A Three: 269, 269, 269
A Three: 276, 276, 276
A Two: 2, 2
A Two: 9, 9
A Two: 16, 16
A Two: 23, 23
A Two: 30, 30
A Two: 37, 37
A Two: 44, 44
A Two: 51, 51
A Two: 58, 58
A Two: 65, 65
A Two: 72, 72
A Two: 79, 79
A Two: 86, 86
A Two: 93, 93
A Two: 100, 100
A Two: 107, 107
A Two: 114, 114
A Two: 121, 121
A Two: 128, 128
A Two: 135, 135
A Two: 142, 142
A Two: 149, 149
A Two: 156, 156
A Two: 163, 163
A Two: 170, 170
A Two: 177, 177
A Two: 184, 184
A Two: 191, 191
A Two: 198, 198
A Two: 205, 205
A Two: 212, 212
A Two: 219, 219
A Two: 226, 226
A Two: 233, 233
A Two: 240, 240
A Two: 247, 247
A Two: 254, 254
A Two: 261, 261
A Two: 268, 268
A Two: 275, 275
A zero
A One: 1
A zero
A One: 8
A zero
A One: 15
A zero
A One: 22
A zero
A One: 29
A zero
A One: 36
A zero
A One: 43
A zero
A One: 50
A zero
A One: 57
A zero
A One: 64
A zero
A One: 71
A zero
A One: 78
A zero
A One: 85
A zero
A One: 92
A zero
A One: 99
A zero
A One: 106
A zero
A One: 113
A zero
A One: 120
A zero
A One: 127
A zero
A One: 134
A zero
A One: 141
A zero
A One: 148
A zero
A One: 155
A zero
A One: 162
A zero
A One: 169
A zero
A One: 176
A zero
A One: 183
A zero
A One: 190
A zero
A One: 197
A zero
A One: 204
A zero
A One: 211
A zero
A One: 218
A zero
A One: 225
A zero
A One: 232
A zero
A One: 239
A zero
A One: 246
A zero
A One: 253
A zero
A One: 260
A zero
A One: 267
A zero
A One: 274
End of Reuse test

freeing random pointers (three of them).
Memory Alloc Error (as expected)
Memory Alloc Error (as expected)
Memory Alloc Error (as expected)

freeing pointers multiply.

freeing a zero...and free it again: Memory Alloc Error (as expected)

freeing a one...and free it again: Memory Alloc Error (as expected)

freeing a two...and free it again: Memory Alloc Error (as expected)

freeing a three...and free it again: Memory Alloc Error (as expected)

freeing a six...and free it again: Memory Alloc Error (as expected)

freeing a thirteen...and free it again: Memory Alloc Error (as expected)

freeing a twentyFive...and free it again: Memory Alloc Error (as expected)

freeing pointers before the beginning of a page (expect 30):
Memory Alloc Error (as expected)
Memory Alloc Error (as expected)
Memory Alloc Error (as expected)
Memory Alloc Error (as expected)
Memory Alloc Error (as expected)
Memory Alloc Error (as expected)
Memory Alloc Error (as expected)
Memory Alloc Error (as expected)
Memory Alloc Error (as expected)
Memory Alloc Error (as expected)
Memory Alloc Error (as expected)
Memory Alloc Error (as expected)
Memory Alloc Error (as expected)
Memory Alloc Error (as expected)
Memory Alloc Error (as expected)
Memory Alloc Error (as expected)
Memory Alloc Error (as expected)
Memory Alloc Error (as expected)
Memory Alloc Error (as expected)
Memory Alloc Error (as expected)
Memory Alloc Error (as expected)
Memory Alloc Error (as expected)
Memory Alloc Error (as expected)
Memory Alloc Error (as expected)
Memory Alloc Error (as expected)
Memory Alloc Error (as expected)
Memory Alloc Error (as expected)
Memory Alloc Error (as expected)
Memory Alloc Error (as expected)
Memory Alloc Error (as expected)

freeing the pointer at the beginning of the page...and free it again: Memory Alloc Error (as expected)

freeing pointers just after the beginning of the page (expect 19 blasts):
Memory Alloc Error (as expected)
Memory Alloc Error (as expected)
Memory Alloc Error (as expected)
Memory Alloc Error (as expected)
Memory Alloc Error (as expected)
Memory Alloc Error (as expected)
Memory Alloc Error (as expected)
Memory Alloc Error (as expected)
Memory Alloc Error (as expected)
Memory Alloc Error (as expected)
Memory Alloc Error (as expected)
Memory Alloc Error (as expected)
Memory Alloc Error (as expected)
Memory Alloc Error (as expected)
Memory Alloc Error (as expected)
Memory Alloc Error (as expected)
Memory Alloc Error (as expected)
Memory Alloc Error (as expected)
Memory Alloc Error (as expected)

freeing pointers near the high water mark (expect 39 blasts):
Memory Alloc Error (as expected)
Memory Alloc Error (as expected)
Memory Alloc Error (as expected)
Memory Alloc Error (as expected)
Memory Alloc Error (as expected)
Memory Alloc Error (as expected)
Memory Alloc Error (as expected)
Memory Alloc Error (as expected)
Memory Alloc Error (as expected)
Memory Alloc Error (as expected)
Memory Alloc Error (as expected)
Memory Alloc Error (as expected)
Memory Alloc Error (as expected)
Memory Alloc Error (as expected)
Memory Alloc Error (as expected)
Memory Alloc Error (as expected)
Memory Alloc Error (as expected)
Memory Alloc Error (as expected)
Memory Alloc Error (as expected)
Memory Alloc Error (as expected)
Memory Alloc Error (as expected)
Memory Alloc Error (as expected)
Memory Alloc Error (as expected)
Memory Alloc Error (as expected)
Memory Alloc Error (as expected)
Memory Alloc Error (as expected)
Memory Alloc Error (as expected)
Memory Alloc Error (as expected)
Memory Alloc Error (as expected)
Memory Alloc Error (as expected)
Memory Alloc Error (as expected)
Memory Alloc Error (as expected)
Memory Alloc Error (as expected)
Memory Alloc Error (as expected)
Memory Alloc Error (as expected)
Memory Alloc Error (as expected)
Memory Alloc Error (as expected)
Memory Alloc Error (as expected)
Memory Alloc Error (as expected)

Checking pointers at the beginning of a page.  Expect 30 invalid, then one valid.
It isn't part of a live object
It isn't part of a live object
It isn't part of a live object
It isn't part of a live object
It isn't part of a live object
It isn't part of a live object
It isn't part of a live object
It isn't part of a live object
It isn't part of a live object
It isn't part of a live object
It isn't part of a live object
It isn't part of a live object
It isn't part of a live object
It isn't part of a live object
It isn't part of a live object
It isn't part of a live object
It isn't part of a live object
It isn't part of a live object
It isn't part of a live object
It isn't part of a live object
It isn't part of a live object
It isn't part of a live object
It isn't part of a live object
It isn't part of a live object
It isn't part of a live object
It isn't part of a live object
It isn't part of a live object
It isn't part of a live object
It isn't part of a live object
It isn't part of a live object
It is Valid

Checking live and dead pointers (expect 1 valid in the middle of many insides):
It points inside a live object
It points inside a live object
It points inside a live object
It points inside a live object
It points inside a live object
It points inside a live object
It points inside a live object
It points inside a live object
It points inside a live object
It points inside a live object
It points inside a live object
It is Valid
It points inside a live object
It points inside a live object
It points inside a live object
It points inside a live object
It points inside a live object
It points inside a live object
It points inside a live object
It points inside a live object
It points inside a live object
It points inside a live object
It points inside a live object

Checking pointers near the high water mark
  (expect 1 valid, then its contents, and then invalid memory):
It is Valid
It points inside a live object
It points inside a live object
It points inside a live object
It points inside a live object
It points inside a live object
It points inside a live object
It points inside a live object
It points inside a live object
It points inside a live object
It points inside a live object
It points inside a live object
It isn't part of a live object
It isn't part of a live object
It isn't part of a live object
It isn't part of a live object
It isn't part of a live object
It isn't part of a live object
It isn't part of a live object
It isn't part of a live object
It isn't part of a live object
It isn't part of a live object
It isn't part of a live object
It isn't part of a live object


Check a pointer, reset the high water mark, and check again:
It is Valid
It isn't part of a live object

