three:3
Foo(????)
Category("Foo", cat_Heaper)

testIsKindOf(): Testing isKindOf
	All isKindOf tests succeeded

testCast(): Testing CAST()
About to cast a Bar to a Bar
About to cast a NULL to a Bar
About to cast a Bar to a Baz (should fail)
Exception: Bar(????) isn't a kind of Baz
It's actually a Bar
At file = ../tofut.cxx, line = 79
Caught UNSAFE_CAST
new Blaster(2)
made Blaster(2)
destroying Blaster(2)
deleting Blaster(2)
Caught I_IS_THREE in sub7
b == NULL
new Blaster(2)
made Blaster(2)
destroying Blaster(2)
deleting Blaster(2)
Caught I_IS_THREE in sub8
b == NULL

Beginning EALRY_DESTROY test.
Caught EALRY_DESTROY
